###############################################################################
#
# IAR ELF Linker V9.10.1.308/W64 for ARM                  04/Nov/2021  21:53:24
# Copyright 2007-2021 IAR Systems AB.
#
#    Output file  =
#        d:\Embedded\Projects\OpenSource\Backup_controller_v2.0\Software\Azure_RTOS_Example2\Out\Exe\Example1.out
#    Map file     =
#        d:\Embedded\Projects\OpenSource\Backup_controller_v2.0\Software\Azure_RTOS_Example2\Out\List\Example1.map
#    Command line =
#        -f
#        d:\Embedded\Projects\OpenSource\Backup_controller_v2.0\Software\Azure_RTOS_Example2\Out\Exe\Example1.out.rsp
#        (d:\Embedded\Projects\OpenSource\Backup_controller_v2.0\Software\Azure_RTOS_Example2\Out\Obj\Azure_RTOS_Example1\App\Core\adc.o
#        d:\Embedded\Projects\OpenSource\Backup_controller_v2.0\Software\Azure_RTOS_Example2\Out\Obj\Azure_RTOS_Example1\App\App_ISRs.o
#        d:\Embedded\Projects\OpenSource\Backup_controller_v2.0\Software\Azure_RTOS_Example2\Out\Obj\Azure_RTOS_Example1\App\App_utils.o
#        d:\Embedded\Projects\OpenSource\Backup_controller_v2.0\Software\Azure_RTOS_Example2\Out\Obj\Azure_RTOS_Example1\App\Parameters\BKMAN2_1_FreeMaster_vars.o
#        d:\Embedded\Projects\OpenSource\Backup_controller_v2.0\Software\Azure_RTOS_Example2\Out\Obj\Azure_RTOS_Example1\App\Parameters\BKMAN2_1_Params.o
#        d:\Embedded\Projects\OpenSource\Backup_controller_v2.0\Software\Azure_RTOS_Example2\Out\Obj\Azure_RTOS_Example1\App\Parameters\BKMAN2_1_Params_dyn_tables.o
#        d:\Embedded\Projects\OpenSource\Backup_controller_v2.0\Software\Azure_RTOS_Example2\Out\Obj\Azure_RTOS_Example1\App\Core\fdcan.o
#        d:\Embedded\Projects\OpenSource\Backup_controller_v2.0\Software\Azure_RTOS_Example2\Out\Obj\Azure_RTOS_Example1\App\STfs\Flash_media_driver.o
#        d:\Embedded\Projects\OpenSource\Backup_controller_v2.0\Software\Azure_RTOS_Example2\Out\Obj\Azure_RTOS_Example1\App\FreeMaster\freemaster_appcmd.o
#        d:\Embedded\Projects\OpenSource\Backup_controller_v2.0\Software\Azure_RTOS_Example2\Out\Obj\Azure_RTOS_Example1\App\FreeMaster\freemaster_can.o
#        d:\Embedded\Projects\OpenSource\Backup_controller_v2.0\Software\Azure_RTOS_Example2\Out\Obj\Azure_RTOS_Example1\App\FreeMaster\freemaster_pdbdm.o
#        d:\Embedded\Projects\OpenSource\Backup_controller_v2.0\Software\Azure_RTOS_Example2\Out\Obj\Azure_RTOS_Example1\App\FreeMaster\freemaster_pipes.o
#        d:\Embedded\Projects\OpenSource\Backup_controller_v2.0\Software\Azure_RTOS_Example2\Out\Obj\Azure_RTOS_Example1\App\FreeMaster\freemaster_protocol.o
#        d:\Embedded\Projects\OpenSource\Backup_controller_v2.0\Software\Azure_RTOS_Example2\Out\Obj\Azure_RTOS_Example1\App\FreeMaster\freemaster_rec.o
#        d:\Embedded\Projects\OpenSource\Backup_controller_v2.0\Software\Azure_RTOS_Example2\Out\Obj\Azure_RTOS_Example1\App\FreeMaster\freemaster_scope.o
#        d:\Embedded\Projects\OpenSource\Backup_controller_v2.0\Software\Azure_RTOS_Example2\Out\Obj\Azure_RTOS_Example1\App\FreeMaster\freemaster_serial.o
#        d:\Embedded\Projects\OpenSource\Backup_controller_v2.0\Software\Azure_RTOS_Example2\Out\Obj\Azure_RTOS_Example1\App\FreeMaster\freemaster_sha.o
#        d:\Embedded\Projects\OpenSource\Backup_controller_v2.0\Software\Azure_RTOS_Example2\Out\Obj\Azure_RTOS_Example1\App\FreeMaster_thread.o
#        d:\Embedded\Projects\OpenSource\Backup_controller_v2.0\Software\Azure_RTOS_Example2\Out\Obj\Azure_RTOS_Example1\App\FreeMaster\freemaster_tsa.o
#        d:\Embedded\Projects\OpenSource\Backup_controller_v2.0\Software\Azure_RTOS_Example2\Out\Obj\Azure_RTOS_Example1\App\FreeMaster\freemaster_ures.o
#        d:\Embedded\Projects\OpenSource\Backup_controller_v2.0\Software\Azure_RTOS_Example2\Out\Obj\Azure_RTOS_Example1\App\FreeMaster\freemaster_utils.o
#        d:\Embedded\Projects\OpenSource\Backup_controller_v2.0\Software\Azure_RTOS_Example2\Out\Obj\Azure_RTOS_Example1\App\FreeMaster_vars_map.o
#        d:\Embedded\Projects\OpenSource\Backup_controller_v2.0\Software\Azure_RTOS_Example2\Out\Obj\Azure_RTOS_Example1\FileX\src\fx_directory_attributes_read.o
#        d:\Embedded\Projects\OpenSource\Backup_controller_v2.0\Software\Azure_RTOS_Example2\Out\Obj\Azure_RTOS_Example1\FileX\src\fx_directory_attributes_set.o
#        d:\Embedded\Projects\OpenSource\Backup_controller_v2.0\Software\Azure_RTOS_Example2\Out\Obj\Azure_RTOS_Example1\FileX\src\fx_directory_create.o
#        d:\Embedded\Projects\OpenSource\Backup_controller_v2.0\Software\Azure_RTOS_Example2\Out\Obj\Azure_RTOS_Example1\FileX\src\fx_directory_default_get.o
#        d:\Embedded\Projects\OpenSource\Backup_controller_v2.0\Software\Azure_RTOS_Example2\Out\Obj\Azure_RTOS_Example1\FileX\src\fx_directory_default_get_copy.o
#        d:\Embedded\Projects\OpenSource\Backup_controller_v2.0\Software\Azure_RTOS_Example2\Out\Obj\Azure_RTOS_Example1\FileX\src\fx_directory_default_set.o
#        d:\Embedded\Projects\OpenSource\Backup_controller_v2.0\Software\Azure_RTOS_Example2\Out\Obj\Azure_RTOS_Example1\FileX\src\fx_directory_delete.o
#        d:\Embedded\Projects\OpenSource\Backup_controller_v2.0\Software\Azure_RTOS_Example2\Out\Obj\Azure_RTOS_Example1\FileX\src\fx_directory_entry_read.o
#        d:\Embedded\Projects\OpenSource\Backup_controller_v2.0\Software\Azure_RTOS_Example2\Out\Obj\Azure_RTOS_Example1\FileX\src\fx_directory_entry_write.o
#        d:\Embedded\Projects\OpenSource\Backup_controller_v2.0\Software\Azure_RTOS_Example2\Out\Obj\Azure_RTOS_Example1\FileX\src\fx_directory_exFAT_entry_read.o
#        d:\Embedded\Projects\OpenSource\Backup_controller_v2.0\Software\Azure_RTOS_Example2\Out\Obj\Azure_RTOS_Example1\FileX\src\fx_directory_exFAT_entry_write.o
#        d:\Embedded\Projects\OpenSource\Backup_controller_v2.0\Software\Azure_RTOS_Example2\Out\Obj\Azure_RTOS_Example1\FileX\src\fx_directory_exFAT_free_search.o
#        d:\Embedded\Projects\OpenSource\Backup_controller_v2.0\Software\Azure_RTOS_Example2\Out\Obj\Azure_RTOS_Example1\FileX\src\fx_directory_exFAT_unicode_entry_write.o
#        d:\Embedded\Projects\OpenSource\Backup_controller_v2.0\Software\Azure_RTOS_Example2\Out\Obj\Azure_RTOS_Example1\FileX\src\fx_directory_first_entry_find.o
#        d:\Embedded\Projects\OpenSource\Backup_controller_v2.0\Software\Azure_RTOS_Example2\Out\Obj\Azure_RTOS_Example1\FileX\src\fx_directory_first_full_entry_find.o
#        d:\Embedded\Projects\OpenSource\Backup_controller_v2.0\Software\Azure_RTOS_Example2\Out\Obj\Azure_RTOS_Example1\FileX\src\fx_directory_free_search.o
#        d:\Embedded\Projects\OpenSource\Backup_controller_v2.0\Software\Azure_RTOS_Example2\Out\Obj\Azure_RTOS_Example1\FileX\src\fx_directory_information_get.o
#        d:\Embedded\Projects\OpenSource\Backup_controller_v2.0\Software\Azure_RTOS_Example2\Out\Obj\Azure_RTOS_Example1\FileX\src\fx_directory_local_path_clear.o
#        d:\Embedded\Projects\OpenSource\Backup_controller_v2.0\Software\Azure_RTOS_Example2\Out\Obj\Azure_RTOS_Example1\FileX\src\fx_directory_local_path_get.o
#        d:\Embedded\Projects\OpenSource\Backup_controller_v2.0\Software\Azure_RTOS_Example2\Out\Obj\Azure_RTOS_Example1\FileX\src\fx_directory_local_path_get_copy.o
#        d:\Embedded\Projects\OpenSource\Backup_controller_v2.0\Software\Azure_RTOS_Example2\Out\Obj\Azure_RTOS_Example1\FileX\src\fx_directory_local_path_restore.o
#        d:\Embedded\Projects\OpenSource\Backup_controller_v2.0\Software\Azure_RTOS_Example2\Out\Obj\Azure_RTOS_Example1\FileX\src\fx_directory_local_path_set.o
#        d:\Embedded\Projects\OpenSource\Backup_controller_v2.0\Software\Azure_RTOS_Example2\Out\Obj\Azure_RTOS_Example1\FileX\src\fx_directory_long_name_get.o
#        d:\Embedded\Projects\OpenSource\Backup_controller_v2.0\Software\Azure_RTOS_Example2\Out\Obj\Azure_RTOS_Example1\FileX\src\fx_directory_long_name_get_extended.o
#        d:\Embedded\Projects\OpenSource\Backup_controller_v2.0\Software\Azure_RTOS_Example2\Out\Obj\Azure_RTOS_Example1\FileX\src\fx_directory_name_extract.o
#        d:\Embedded\Projects\OpenSource\Backup_controller_v2.0\Software\Azure_RTOS_Example2\Out\Obj\Azure_RTOS_Example1\FileX\src\fx_directory_name_test.o
#        d:\Embedded\Projects\OpenSource\Backup_controller_v2.0\Software\Azure_RTOS_Example2\Out\Obj\Azure_RTOS_Example1\FileX\src\fx_directory_next_entry_find.o
#        d:\Embedded\Projects\OpenSource\Backup_controller_v2.0\Software\Azure_RTOS_Example2\Out\Obj\Azure_RTOS_Example1\FileX\src\fx_directory_next_full_entry_find.o
#        d:\Embedded\Projects\OpenSource\Backup_controller_v2.0\Software\Azure_RTOS_Example2\Out\Obj\Azure_RTOS_Example1\FileX\src\fx_directory_rename.o
#        d:\Embedded\Projects\OpenSource\Backup_controller_v2.0\Software\Azure_RTOS_Example2\Out\Obj\Azure_RTOS_Example1\FileX\src\fx_directory_search.o
#        d:\Embedded\Projects\OpenSource\Backup_controller_v2.0\Software\Azure_RTOS_Example2\Out\Obj\Azure_RTOS_Example1\FileX\src\fx_directory_short_name_get.o
#        d:\Embedded\Projects\OpenSource\Backup_controller_v2.0\Software\Azure_RTOS_Example2\Out\Obj\Azure_RTOS_Example1\FileX\src\fx_directory_short_name_get_extended.o
#        d:\Embedded\Projects\OpenSource\Backup_controller_v2.0\Software\Azure_RTOS_Example2\Out\Obj\Azure_RTOS_Example1\FileX\src\fx_fault_tolerant_add_bitmap_log.o
#        d:\Embedded\Projects\OpenSource\Backup_controller_v2.0\Software\Azure_RTOS_Example2\Out\Obj\Azure_RTOS_Example1\FileX\src\fx_fault_tolerant_add_checksum_log.o
#        d:\Embedded\Projects\OpenSource\Backup_controller_v2.0\Software\Azure_RTOS_Example2\Out\Obj\Azure_RTOS_Example1\FileX\src\fx_fault_tolerant_add_dir_log.o
#        d:\Embedded\Projects\OpenSource\Backup_controller_v2.0\Software\Azure_RTOS_Example2\Out\Obj\Azure_RTOS_Example1\FileX\src\fx_fault_tolerant_add_FAT_log.o
#        d:\Embedded\Projects\OpenSource\Backup_controller_v2.0\Software\Azure_RTOS_Example2\Out\Obj\Azure_RTOS_Example1\FileX\src\fx_fault_tolerant_apply_logs.o
#        d:\Embedded\Projects\OpenSource\Backup_controller_v2.0\Software\Azure_RTOS_Example2\Out\Obj\Azure_RTOS_Example1\FileX\src\fx_fault_tolerant_calculate_checksum.o
#        d:\Embedded\Projects\OpenSource\Backup_controller_v2.0\Software\Azure_RTOS_Example2\Out\Obj\Azure_RTOS_Example1\FileX\src\fx_fault_tolerant_cleanup_FAT_chain.o
#        d:\Embedded\Projects\OpenSource\Backup_controller_v2.0\Software\Azure_RTOS_Example2\Out\Obj\Azure_RTOS_Example1\FileX\src\fx_fault_tolerant_create_log_file.o
#        d:\Embedded\Projects\OpenSource\Backup_controller_v2.0\Software\Azure_RTOS_Example2\Out\Obj\Azure_RTOS_Example1\FileX\src\fx_fault_tolerant_enable.o
#        d:\Embedded\Projects\OpenSource\Backup_controller_v2.0\Software\Azure_RTOS_Example2\Out\Obj\Azure_RTOS_Example1\FileX\src\fx_fault_tolerant_read_directory_sector.o
#        d:\Embedded\Projects\OpenSource\Backup_controller_v2.0\Software\Azure_RTOS_Example2\Out\Obj\Azure_RTOS_Example1\FileX\src\fx_fault_tolerant_read_FAT.o
#        d:\Embedded\Projects\OpenSource\Backup_controller_v2.0\Software\Azure_RTOS_Example2\Out\Obj\Azure_RTOS_Example1\FileX\src\fx_fault_tolerant_read_log_file.o
#        d:\Embedded\Projects\OpenSource\Backup_controller_v2.0\Software\Azure_RTOS_Example2\Out\Obj\Azure_RTOS_Example1\FileX\src\fx_fault_tolerant_recover.o
#        d:\Embedded\Projects\OpenSource\Backup_controller_v2.0\Software\Azure_RTOS_Example2\Out\Obj\Azure_RTOS_Example1\FileX\src\fx_fault_tolerant_reset_log_file.o
#        d:\Embedded\Projects\OpenSource\Backup_controller_v2.0\Software\Azure_RTOS_Example2\Out\Obj\Azure_RTOS_Example1\FileX\src\fx_fault_tolerant_set_FAT_chain.o
#        d:\Embedded\Projects\OpenSource\Backup_controller_v2.0\Software\Azure_RTOS_Example2\Out\Obj\Azure_RTOS_Example1\FileX\src\fx_fault_tolerant_transaction_end.o
#        d:\Embedded\Projects\OpenSource\Backup_controller_v2.0\Software\Azure_RTOS_Example2\Out\Obj\Azure_RTOS_Example1\FileX\src\fx_fault_tolerant_transaction_fail.o
#        d:\Embedded\Projects\OpenSource\Backup_controller_v2.0\Software\Azure_RTOS_Example2\Out\Obj\Azure_RTOS_Example1\FileX\src\fx_fault_tolerant_transaction_start.o
#        d:\Embedded\Projects\OpenSource\Backup_controller_v2.0\Software\Azure_RTOS_Example2\Out\Obj\Azure_RTOS_Example1\FileX\src\fx_fault_tolerant_write_log_file.o
#        d:\Embedded\Projects\OpenSource\Backup_controller_v2.0\Software\Azure_RTOS_Example2\Out\Obj\Azure_RTOS_Example1\FileX\src\fx_file_allocate.o
#        d:\Embedded\Projects\OpenSource\Backup_controller_v2.0\Software\Azure_RTOS_Example2\Out\Obj\Azure_RTOS_Example1\FileX\src\fx_file_attributes_read.o
#        d:\Embedded\Projects\OpenSource\Backup_controller_v2.0\Software\Azure_RTOS_Example2\Out\Obj\Azure_RTOS_Example1\FileX\src\fx_file_attributes_set.o
#        d:\Embedded\Projects\OpenSource\Backup_controller_v2.0\Software\Azure_RTOS_Example2\Out\Obj\Azure_RTOS_Example1\FileX\src\fx_file_best_effort_allocate.o
#        d:\Embedded\Projects\OpenSource\Backup_controller_v2.0\Software\Azure_RTOS_Example2\Out\Obj\Azure_RTOS_Example1\FileX\src\fx_file_close.o
#        d:\Embedded\Projects\OpenSource\Backup_controller_v2.0\Software\Azure_RTOS_Example2\Out\Obj\Azure_RTOS_Example1\FileX\src\fx_file_create.o
#        d:\Embedded\Projects\OpenSource\Backup_controller_v2.0\Software\Azure_RTOS_Example2\Out\Obj\Azure_RTOS_Example1\FileX\src\fx_file_date_time_set.o
#        d:\Embedded\Projects\OpenSource\Backup_controller_v2.0\Software\Azure_RTOS_Example2\Out\Obj\Azure_RTOS_Example1\FileX\src\fx_file_delete.o
#        d:\Embedded\Projects\OpenSource\Backup_controller_v2.0\Software\Azure_RTOS_Example2\Out\Obj\Azure_RTOS_Example1\FileX\src\fx_file_extended_allocate.o
#        d:\Embedded\Projects\OpenSource\Backup_controller_v2.0\Software\Azure_RTOS_Example2\Out\Obj\Azure_RTOS_Example1\FileX\src\fx_file_extended_best_effort_allocate.o
#        d:\Embedded\Projects\OpenSource\Backup_controller_v2.0\Software\Azure_RTOS_Example2\Out\Obj\Azure_RTOS_Example1\FileX\src\fx_file_extended_relative_seek.o
#        d:\Embedded\Projects\OpenSource\Backup_controller_v2.0\Software\Azure_RTOS_Example2\Out\Obj\Azure_RTOS_Example1\FileX\src\fx_file_extended_seek.o
#        d:\Embedded\Projects\OpenSource\Backup_controller_v2.0\Software\Azure_RTOS_Example2\Out\Obj\Azure_RTOS_Example1\FileX\src\fx_file_extended_truncate.o
#        d:\Embedded\Projects\OpenSource\Backup_controller_v2.0\Software\Azure_RTOS_Example2\Out\Obj\Azure_RTOS_Example1\FileX\src\fx_file_extended_truncate_release.o
#        d:\Embedded\Projects\OpenSource\Backup_controller_v2.0\Software\Azure_RTOS_Example2\Out\Obj\Azure_RTOS_Example1\FileX\src\fx_file_open.o
#        d:\Embedded\Projects\OpenSource\Backup_controller_v2.0\Software\Azure_RTOS_Example2\Out\Obj\Azure_RTOS_Example1\FileX\src\fx_file_read.o
#        d:\Embedded\Projects\OpenSource\Backup_controller_v2.0\Software\Azure_RTOS_Example2\Out\Obj\Azure_RTOS_Example1\FileX\src\fx_file_relative_seek.o
#        d:\Embedded\Projects\OpenSource\Backup_controller_v2.0\Software\Azure_RTOS_Example2\Out\Obj\Azure_RTOS_Example1\FileX\src\fx_file_rename.o
#        d:\Embedded\Projects\OpenSource\Backup_controller_v2.0\Software\Azure_RTOS_Example2\Out\Obj\Azure_RTOS_Example1\FileX\src\fx_file_seek.o
#        d:\Embedded\Projects\OpenSource\Backup_controller_v2.0\Software\Azure_RTOS_Example2\Out\Obj\Azure_RTOS_Example1\FileX\src\fx_file_truncate.o
#        d:\Embedded\Projects\OpenSource\Backup_controller_v2.0\Software\Azure_RTOS_Example2\Out\Obj\Azure_RTOS_Example1\FileX\src\fx_file_truncate_release.o
#        d:\Embedded\Projects\OpenSource\Backup_controller_v2.0\Software\Azure_RTOS_Example2\Out\Obj\Azure_RTOS_Example1\FileX\src\fx_file_write.o
#        d:\Embedded\Projects\OpenSource\Backup_controller_v2.0\Software\Azure_RTOS_Example2\Out\Obj\Azure_RTOS_Example1\FileX\src\fx_file_write_notify_set.o
#        d:\Embedded\Projects\OpenSource\Backup_controller_v2.0\Software\Azure_RTOS_Example2\Out\Obj\Azure_RTOS_Example1\FileX\src\fx_media_abort.o
#        d:\Embedded\Projects\OpenSource\Backup_controller_v2.0\Software\Azure_RTOS_Example2\Out\Obj\Azure_RTOS_Example1\FileX\src\fx_media_boot_info_extract.o
#        d:\Embedded\Projects\OpenSource\Backup_controller_v2.0\Software\Azure_RTOS_Example2\Out\Obj\Azure_RTOS_Example1\FileX\src\fx_media_cache_invalidate.o
#        d:\Embedded\Projects\OpenSource\Backup_controller_v2.0\Software\Azure_RTOS_Example2\Out\Obj\Azure_RTOS_Example1\FileX\src\fx_media_check.o
#        d:\Embedded\Projects\OpenSource\Backup_controller_v2.0\Software\Azure_RTOS_Example2\Out\Obj\Azure_RTOS_Example1\FileX\src\fx_media_check_FAT_chain_check.o
#        d:\Embedded\Projects\OpenSource\Backup_controller_v2.0\Software\Azure_RTOS_Example2\Out\Obj\Azure_RTOS_Example1\FileX\src\fx_media_check_lost_cluster_check.o
#        d:\Embedded\Projects\OpenSource\Backup_controller_v2.0\Software\Azure_RTOS_Example2\Out\Obj\Azure_RTOS_Example1\FileX\src\fx_media_close.o
#        d:\Embedded\Projects\OpenSource\Backup_controller_v2.0\Software\Azure_RTOS_Example2\Out\Obj\Azure_RTOS_Example1\FileX\src\fx_media_close_notify_set.o
#        d:\Embedded\Projects\OpenSource\Backup_controller_v2.0\Software\Azure_RTOS_Example2\Out\Obj\Azure_RTOS_Example1\FileX\src\fx_media_exFAT_format.o
#        d:\Embedded\Projects\OpenSource\Backup_controller_v2.0\Software\Azure_RTOS_Example2\Out\Obj\Azure_RTOS_Example1\FileX\src\fx_media_extended_space_available.o
#        d:\Embedded\Projects\OpenSource\Backup_controller_v2.0\Software\Azure_RTOS_Example2\Out\Obj\Azure_RTOS_Example1\FileX\src\fx_media_flush.o
#        d:\Embedded\Projects\OpenSource\Backup_controller_v2.0\Software\Azure_RTOS_Example2\Out\Obj\Azure_RTOS_Example1\FileX\src\fx_media_format.o
#        d:\Embedded\Projects\OpenSource\Backup_controller_v2.0\Software\Azure_RTOS_Example2\Out\Obj\Azure_RTOS_Example1\FileX\src\fx_media_format_oem_name_set.o
#        d:\Embedded\Projects\OpenSource\Backup_controller_v2.0\Software\Azure_RTOS_Example2\Out\Obj\Azure_RTOS_Example1\FileX\src\fx_media_format_type_set.o
#        d:\Embedded\Projects\OpenSource\Backup_controller_v2.0\Software\Azure_RTOS_Example2\Out\Obj\Azure_RTOS_Example1\FileX\src\fx_media_format_volume_id_set.o
#        d:\Embedded\Projects\OpenSource\Backup_controller_v2.0\Software\Azure_RTOS_Example2\Out\Obj\Azure_RTOS_Example1\FileX\src\fx_media_open.o
#        d:\Embedded\Projects\OpenSource\Backup_controller_v2.0\Software\Azure_RTOS_Example2\Out\Obj\Azure_RTOS_Example1\FileX\src\fx_media_open_notify_set.o
#        d:\Embedded\Projects\OpenSource\Backup_controller_v2.0\Software\Azure_RTOS_Example2\Out\Obj\Azure_RTOS_Example1\FileX\src\fx_media_read.o
#        d:\Embedded\Projects\OpenSource\Backup_controller_v2.0\Software\Azure_RTOS_Example2\Out\Obj\Azure_RTOS_Example1\FileX\src\fx_media_space_available.o
#        d:\Embedded\Projects\OpenSource\Backup_controller_v2.0\Software\Azure_RTOS_Example2\Out\Obj\Azure_RTOS_Example1\FileX\src\fx_media_volume_get.o
#        d:\Embedded\Projects\OpenSource\Backup_controller_v2.0\Software\Azure_RTOS_Example2\Out\Obj\Azure_RTOS_Example1\FileX\src\fx_media_volume_get_extended.o
#        d:\Embedded\Projects\OpenSource\Backup_controller_v2.0\Software\Azure_RTOS_Example2\Out\Obj\Azure_RTOS_Example1\FileX\src\fx_media_volume_set.o
#        d:\Embedded\Projects\OpenSource\Backup_controller_v2.0\Software\Azure_RTOS_Example2\Out\Obj\Azure_RTOS_Example1\FileX\src\fx_media_write.o
#        d:\Embedded\Projects\OpenSource\Backup_controller_v2.0\Software\Azure_RTOS_Example2\Out\Obj\Azure_RTOS_Example1\FileX\src\fx_partition_offset_calculate.o
#        d:\Embedded\Projects\OpenSource\Backup_controller_v2.0\Software\Azure_RTOS_Example2\Out\Obj\Azure_RTOS_Example1\FileX\src\fx_ram_driver.o
#        d:\Embedded\Projects\OpenSource\Backup_controller_v2.0\Software\Azure_RTOS_Example2\Out\Obj\Azure_RTOS_Example1\FileX\src\fx_system_date_get.o
#        d:\Embedded\Projects\OpenSource\Backup_controller_v2.0\Software\Azure_RTOS_Example2\Out\Obj\Azure_RTOS_Example1\FileX\src\fx_system_date_set.o
#        d:\Embedded\Projects\OpenSource\Backup_controller_v2.0\Software\Azure_RTOS_Example2\Out\Obj\Azure_RTOS_Example1\FileX\src\fx_system_initialize.o
#        d:\Embedded\Projects\OpenSource\Backup_controller_v2.0\Software\Azure_RTOS_Example2\Out\Obj\Azure_RTOS_Example1\FileX\src\fx_system_time_get.o
#        d:\Embedded\Projects\OpenSource\Backup_controller_v2.0\Software\Azure_RTOS_Example2\Out\Obj\Azure_RTOS_Example1\FileX\src\fx_system_time_set.o
#        d:\Embedded\Projects\OpenSource\Backup_controller_v2.0\Software\Azure_RTOS_Example2\Out\Obj\Azure_RTOS_Example1\FileX\src\fx_system_timer_entry.o
#        d:\Embedded\Projects\OpenSource\Backup_controller_v2.0\Software\Azure_RTOS_Example2\Out\Obj\Azure_RTOS_Example1\FileX\src\fx_trace_event_insert.o
#        d:\Embedded\Projects\OpenSource\Backup_controller_v2.0\Software\Azure_RTOS_Example2\Out\Obj\Azure_RTOS_Example1\FileX\src\fx_trace_event_update.o
#        d:\Embedded\Projects\OpenSource\Backup_controller_v2.0\Software\Azure_RTOS_Example2\Out\Obj\Azure_RTOS_Example1\FileX\src\fx_trace_object_register.o
#        d:\Embedded\Projects\OpenSource\Backup_controller_v2.0\Software\Azure_RTOS_Example2\Out\Obj\Azure_RTOS_Example1\FileX\src\fx_trace_object_unregister.o
#        d:\Embedded\Projects\OpenSource\Backup_controller_v2.0\Software\Azure_RTOS_Example2\Out\Obj\Azure_RTOS_Example1\FileX\src\fx_unicode_directory_create.o
#        d:\Embedded\Projects\OpenSource\Backup_controller_v2.0\Software\Azure_RTOS_Example2\Out\Obj\Azure_RTOS_Example1\FileX\src\fx_unicode_directory_entry_change.o
#        d:\Embedded\Projects\OpenSource\Backup_controller_v2.0\Software\Azure_RTOS_Example2\Out\Obj\Azure_RTOS_Example1\FileX\src\fx_unicode_directory_entry_read.o
#        d:\Embedded\Projects\OpenSource\Backup_controller_v2.0\Software\Azure_RTOS_Example2\Out\Obj\Azure_RTOS_Example1\FileX\src\fx_unicode_directory_rename.o
#        d:\Embedded\Projects\OpenSource\Backup_controller_v2.0\Software\Azure_RTOS_Example2\Out\Obj\Azure_RTOS_Example1\FileX\src\fx_unicode_directory_search.o
#        d:\Embedded\Projects\OpenSource\Backup_controller_v2.0\Software\Azure_RTOS_Example2\Out\Obj\Azure_RTOS_Example1\FileX\src\fx_unicode_file_create.o
#        d:\Embedded\Projects\OpenSource\Backup_controller_v2.0\Software\Azure_RTOS_Example2\Out\Obj\Azure_RTOS_Example1\FileX\src\fx_unicode_file_rename.o
#        d:\Embedded\Projects\OpenSource\Backup_controller_v2.0\Software\Azure_RTOS_Example2\Out\Obj\Azure_RTOS_Example1\FileX\src\fx_unicode_length_get.o
#        d:\Embedded\Projects\OpenSource\Backup_controller_v2.0\Software\Azure_RTOS_Example2\Out\Obj\Azure_RTOS_Example1\FileX\src\fx_unicode_length_get_extended.o
#        d:\Embedded\Projects\OpenSource\Backup_controller_v2.0\Software\Azure_RTOS_Example2\Out\Obj\Azure_RTOS_Example1\FileX\src\fx_unicode_name_get.o
#        d:\Embedded\Projects\OpenSource\Backup_controller_v2.0\Software\Azure_RTOS_Example2\Out\Obj\Azure_RTOS_Example1\FileX\src\fx_unicode_name_get_extended.o
#        d:\Embedded\Projects\OpenSource\Backup_controller_v2.0\Software\Azure_RTOS_Example2\Out\Obj\Azure_RTOS_Example1\FileX\src\fx_unicode_short_name_get.o
#        d:\Embedded\Projects\OpenSource\Backup_controller_v2.0\Software\Azure_RTOS_Example2\Out\Obj\Azure_RTOS_Example1\FileX\src\fx_unicode_short_name_get_extended.o
#        d:\Embedded\Projects\OpenSource\Backup_controller_v2.0\Software\Azure_RTOS_Example2\Out\Obj\Azure_RTOS_Example1\FileX\src\fx_utility_16_unsigned_read.o
#        d:\Embedded\Projects\OpenSource\Backup_controller_v2.0\Software\Azure_RTOS_Example2\Out\Obj\Azure_RTOS_Example1\FileX\src\fx_utility_16_unsigned_write.o
#        d:\Embedded\Projects\OpenSource\Backup_controller_v2.0\Software\Azure_RTOS_Example2\Out\Obj\Azure_RTOS_Example1\FileX\src\fx_utility_32_unsigned_read.o
#        d:\Embedded\Projects\OpenSource\Backup_controller_v2.0\Software\Azure_RTOS_Example2\Out\Obj\Azure_RTOS_Example1\FileX\src\fx_utility_32_unsigned_write.o
#        d:\Embedded\Projects\OpenSource\Backup_controller_v2.0\Software\Azure_RTOS_Example2\Out\Obj\Azure_RTOS_Example1\FileX\src\fx_utility_64_unsigned_read.o
#        d:\Embedded\Projects\OpenSource\Backup_controller_v2.0\Software\Azure_RTOS_Example2\Out\Obj\Azure_RTOS_Example1\FileX\src\fx_utility_64_unsigned_write.o
#        d:\Embedded\Projects\OpenSource\Backup_controller_v2.0\Software\Azure_RTOS_Example2\Out\Obj\Azure_RTOS_Example1\FileX\src\fx_utility_absolute_path_get.o
#        d:\Embedded\Projects\OpenSource\Backup_controller_v2.0\Software\Azure_RTOS_Example2\Out\Obj\Azure_RTOS_Example1\FileX\src\fx_utility_exFAT_allocate_new_cluster.o
#        d:\Embedded\Projects\OpenSource\Backup_controller_v2.0\Software\Azure_RTOS_Example2\Out\Obj\Azure_RTOS_Example1\FileX\src\fx_utility_exFAT_bitmap_cache_prepare.o
#        d:\Embedded\Projects\OpenSource\Backup_controller_v2.0\Software\Azure_RTOS_Example2\Out\Obj\Azure_RTOS_Example1\FileX\src\fx_utility_exFAT_bitmap_cache_update.o
#        d:\Embedded\Projects\OpenSource\Backup_controller_v2.0\Software\Azure_RTOS_Example2\Out\Obj\Azure_RTOS_Example1\FileX\src\fx_utility_exFAT_bitmap_flush.o
#        d:\Embedded\Projects\OpenSource\Backup_controller_v2.0\Software\Azure_RTOS_Example2\Out\Obj\Azure_RTOS_Example1\FileX\src\fx_utility_exFAT_bitmap_free_cluster_find.o
#        d:\Embedded\Projects\OpenSource\Backup_controller_v2.0\Software\Azure_RTOS_Example2\Out\Obj\Azure_RTOS_Example1\FileX\src\fx_utility_exFAT_bitmap_initialize.o
#        d:\Embedded\Projects\OpenSource\Backup_controller_v2.0\Software\Azure_RTOS_Example2\Out\Obj\Azure_RTOS_Example1\FileX\src\fx_utility_exFAT_bitmap_start_sector_get.o
#        d:\Embedded\Projects\OpenSource\Backup_controller_v2.0\Software\Azure_RTOS_Example2\Out\Obj\Azure_RTOS_Example1\FileX\src\fx_utility_exFAT_cluster_free.o
#        d:\Embedded\Projects\OpenSource\Backup_controller_v2.0\Software\Azure_RTOS_Example2\Out\Obj\Azure_RTOS_Example1\FileX\src\fx_utility_exFAT_cluster_state_get.o
#        d:\Embedded\Projects\OpenSource\Backup_controller_v2.0\Software\Azure_RTOS_Example2\Out\Obj\Azure_RTOS_Example1\FileX\src\fx_utility_exFAT_cluster_state_set.o
#        d:\Embedded\Projects\OpenSource\Backup_controller_v2.0\Software\Azure_RTOS_Example2\Out\Obj\Azure_RTOS_Example1\FileX\src\fx_utility_exFAT_geometry_check.o
#        d:\Embedded\Projects\OpenSource\Backup_controller_v2.0\Software\Azure_RTOS_Example2\Out\Obj\Azure_RTOS_Example1\FileX\src\fx_utility_exFAT_name_hash_get.o
#        d:\Embedded\Projects\OpenSource\Backup_controller_v2.0\Software\Azure_RTOS_Example2\Out\Obj\Azure_RTOS_Example1\FileX\src\fx_utility_exFAT_size_calculate.o
#        d:\Embedded\Projects\OpenSource\Backup_controller_v2.0\Software\Azure_RTOS_Example2\Out\Obj\Azure_RTOS_Example1\FileX\src\fx_utility_exFAT_system_area_checksum_verify.o
#        d:\Embedded\Projects\OpenSource\Backup_controller_v2.0\Software\Azure_RTOS_Example2\Out\Obj\Azure_RTOS_Example1\FileX\src\fx_utility_exFAT_system_area_checksum_write.o
#        d:\Embedded\Projects\OpenSource\Backup_controller_v2.0\Software\Azure_RTOS_Example2\Out\Obj\Azure_RTOS_Example1\FileX\src\fx_utility_exFAT_system_area_format.o
#        d:\Embedded\Projects\OpenSource\Backup_controller_v2.0\Software\Azure_RTOS_Example2\Out\Obj\Azure_RTOS_Example1\FileX\src\fx_utility_exFAT_system_sector_write.o
#        d:\Embedded\Projects\OpenSource\Backup_controller_v2.0\Software\Azure_RTOS_Example2\Out\Obj\Azure_RTOS_Example1\FileX\src\fx_utility_exFAT_unicode_name_hash_get.o
#        d:\Embedded\Projects\OpenSource\Backup_controller_v2.0\Software\Azure_RTOS_Example2\Out\Obj\Azure_RTOS_Example1\FileX\src\fx_utility_exFAT_upcase_table.o
#        d:\Embedded\Projects\OpenSource\Backup_controller_v2.0\Software\Azure_RTOS_Example2\Out\Obj\Azure_RTOS_Example1\FileX\src\fx_utility_FAT_entry_read.o
#        d:\Embedded\Projects\OpenSource\Backup_controller_v2.0\Software\Azure_RTOS_Example2\Out\Obj\Azure_RTOS_Example1\FileX\src\fx_utility_FAT_entry_write.o
#        d:\Embedded\Projects\OpenSource\Backup_controller_v2.0\Software\Azure_RTOS_Example2\Out\Obj\Azure_RTOS_Example1\FileX\src\fx_utility_FAT_flush.o
#        d:\Embedded\Projects\OpenSource\Backup_controller_v2.0\Software\Azure_RTOS_Example2\Out\Obj\Azure_RTOS_Example1\FileX\src\fx_utility_FAT_map_flush.o
#        d:\Embedded\Projects\OpenSource\Backup_controller_v2.0\Software\Azure_RTOS_Example2\Out\Obj\Azure_RTOS_Example1\FileX\src\fx_utility_FAT_sector_get.o
#        d:\Embedded\Projects\OpenSource\Backup_controller_v2.0\Software\Azure_RTOS_Example2\Out\Obj\Azure_RTOS_Example1\FileX\src\fx_utility_logical_sector_cache_entry_read.o
#        d:\Embedded\Projects\OpenSource\Backup_controller_v2.0\Software\Azure_RTOS_Example2\Out\Obj\Azure_RTOS_Example1\FileX\src\fx_utility_logical_sector_flush.o
#        d:\Embedded\Projects\OpenSource\Backup_controller_v2.0\Software\Azure_RTOS_Example2\Out\Obj\Azure_RTOS_Example1\FileX\src\fx_utility_logical_sector_read.o
#        d:\Embedded\Projects\OpenSource\Backup_controller_v2.0\Software\Azure_RTOS_Example2\Out\Obj\Azure_RTOS_Example1\FileX\src\fx_utility_logical_sector_write.o
#        d:\Embedded\Projects\OpenSource\Backup_controller_v2.0\Software\Azure_RTOS_Example2\Out\Obj\Azure_RTOS_Example1\FileX\src\fx_utility_memory_copy.o
#        d:\Embedded\Projects\OpenSource\Backup_controller_v2.0\Software\Azure_RTOS_Example2\Out\Obj\Azure_RTOS_Example1\FileX\src\fx_utility_memory_set.o
#        d:\Embedded\Projects\OpenSource\Backup_controller_v2.0\Software\Azure_RTOS_Example2\Out\Obj\Azure_RTOS_Example1\FileX\src\fx_utility_string_length_get.o
#        d:\Embedded\Projects\OpenSource\Backup_controller_v2.0\Software\Azure_RTOS_Example2\Out\Obj\Azure_RTOS_Example1\FileX\src\fx_utility_token_length_get.o
#        d:\Embedded\Projects\OpenSource\Backup_controller_v2.0\Software\Azure_RTOS_Example2\Out\Obj\Azure_RTOS_Example1\FileX\src\fxe_directory_attributes_read.o
#        d:\Embedded\Projects\OpenSource\Backup_controller_v2.0\Software\Azure_RTOS_Example2\Out\Obj\Azure_RTOS_Example1\FileX\src\fxe_directory_attributes_set.o
#        d:\Embedded\Projects\OpenSource\Backup_controller_v2.0\Software\Azure_RTOS_Example2\Out\Obj\Azure_RTOS_Example1\FileX\src\fxe_directory_create.o
#        d:\Embedded\Projects\OpenSource\Backup_controller_v2.0\Software\Azure_RTOS_Example2\Out\Obj\Azure_RTOS_Example1\FileX\src\fxe_directory_default_get.o
#        d:\Embedded\Projects\OpenSource\Backup_controller_v2.0\Software\Azure_RTOS_Example2\Out\Obj\Azure_RTOS_Example1\FileX\src\fxe_directory_default_get_copy.o
#        d:\Embedded\Projects\OpenSource\Backup_controller_v2.0\Software\Azure_RTOS_Example2\Out\Obj\Azure_RTOS_Example1\FileX\src\fxe_directory_default_set.o
#        d:\Embedded\Projects\OpenSource\Backup_controller_v2.0\Software\Azure_RTOS_Example2\Out\Obj\Azure_RTOS_Example1\FileX\src\fxe_directory_delete.o
#        d:\Embedded\Projects\OpenSource\Backup_controller_v2.0\Software\Azure_RTOS_Example2\Out\Obj\Azure_RTOS_Example1\FileX\src\fxe_directory_first_entry_find.o
#        d:\Embedded\Projects\OpenSource\Backup_controller_v2.0\Software\Azure_RTOS_Example2\Out\Obj\Azure_RTOS_Example1\FileX\src\fxe_directory_first_full_entry_find.o
#        d:\Embedded\Projects\OpenSource\Backup_controller_v2.0\Software\Azure_RTOS_Example2\Out\Obj\Azure_RTOS_Example1\FileX\src\fxe_directory_information_get.o
#        d:\Embedded\Projects\OpenSource\Backup_controller_v2.0\Software\Azure_RTOS_Example2\Out\Obj\Azure_RTOS_Example1\FileX\src\fxe_directory_local_path_clear.o
#        d:\Embedded\Projects\OpenSource\Backup_controller_v2.0\Software\Azure_RTOS_Example2\Out\Obj\Azure_RTOS_Example1\FileX\src\fxe_directory_local_path_get.o
#        d:\Embedded\Projects\OpenSource\Backup_controller_v2.0\Software\Azure_RTOS_Example2\Out\Obj\Azure_RTOS_Example1\FileX\src\fxe_directory_local_path_get_copy.o
#        d:\Embedded\Projects\OpenSource\Backup_controller_v2.0\Software\Azure_RTOS_Example2\Out\Obj\Azure_RTOS_Example1\FileX\src\fxe_directory_local_path_restore.o
#        d:\Embedded\Projects\OpenSource\Backup_controller_v2.0\Software\Azure_RTOS_Example2\Out\Obj\Azure_RTOS_Example1\FileX\src\fxe_directory_local_path_set.o
#        d:\Embedded\Projects\OpenSource\Backup_controller_v2.0\Software\Azure_RTOS_Example2\Out\Obj\Azure_RTOS_Example1\FileX\src\fxe_directory_long_name_get.o
#        d:\Embedded\Projects\OpenSource\Backup_controller_v2.0\Software\Azure_RTOS_Example2\Out\Obj\Azure_RTOS_Example1\FileX\src\fxe_directory_long_name_get_extended.o
#        d:\Embedded\Projects\OpenSource\Backup_controller_v2.0\Software\Azure_RTOS_Example2\Out\Obj\Azure_RTOS_Example1\FileX\src\fxe_directory_name_test.o
#        d:\Embedded\Projects\OpenSource\Backup_controller_v2.0\Software\Azure_RTOS_Example2\Out\Obj\Azure_RTOS_Example1\FileX\src\fxe_directory_next_entry_find.o
#        d:\Embedded\Projects\OpenSource\Backup_controller_v2.0\Software\Azure_RTOS_Example2\Out\Obj\Azure_RTOS_Example1\FileX\src\fxe_directory_next_full_entry_find.o
#        d:\Embedded\Projects\OpenSource\Backup_controller_v2.0\Software\Azure_RTOS_Example2\Out\Obj\Azure_RTOS_Example1\FileX\src\fxe_directory_rename.o
#        d:\Embedded\Projects\OpenSource\Backup_controller_v2.0\Software\Azure_RTOS_Example2\Out\Obj\Azure_RTOS_Example1\FileX\src\fxe_directory_short_name_get.o
#        d:\Embedded\Projects\OpenSource\Backup_controller_v2.0\Software\Azure_RTOS_Example2\Out\Obj\Azure_RTOS_Example1\FileX\src\fxe_directory_short_name_get_extended.o
#        d:\Embedded\Projects\OpenSource\Backup_controller_v2.0\Software\Azure_RTOS_Example2\Out\Obj\Azure_RTOS_Example1\FileX\src\fxe_fault_tolerant_enable.o
#        d:\Embedded\Projects\OpenSource\Backup_controller_v2.0\Software\Azure_RTOS_Example2\Out\Obj\Azure_RTOS_Example1\FileX\src\fxe_file_allocate.o
#        d:\Embedded\Projects\OpenSource\Backup_controller_v2.0\Software\Azure_RTOS_Example2\Out\Obj\Azure_RTOS_Example1\FileX\src\fxe_file_attributes_read.o
#        d:\Embedded\Projects\OpenSource\Backup_controller_v2.0\Software\Azure_RTOS_Example2\Out\Obj\Azure_RTOS_Example1\FileX\src\fxe_file_attributes_set.o
#        d:\Embedded\Projects\OpenSource\Backup_controller_v2.0\Software\Azure_RTOS_Example2\Out\Obj\Azure_RTOS_Example1\FileX\src\fxe_file_best_effort_allocate.o
#        d:\Embedded\Projects\OpenSource\Backup_controller_v2.0\Software\Azure_RTOS_Example2\Out\Obj\Azure_RTOS_Example1\FileX\src\fxe_file_close.o
#        d:\Embedded\Projects\OpenSource\Backup_controller_v2.0\Software\Azure_RTOS_Example2\Out\Obj\Azure_RTOS_Example1\FileX\src\fxe_file_create.o
#        d:\Embedded\Projects\OpenSource\Backup_controller_v2.0\Software\Azure_RTOS_Example2\Out\Obj\Azure_RTOS_Example1\FileX\src\fxe_file_date_time_set.o
#        d:\Embedded\Projects\OpenSource\Backup_controller_v2.0\Software\Azure_RTOS_Example2\Out\Obj\Azure_RTOS_Example1\FileX\src\fxe_file_delete.o
#        d:\Embedded\Projects\OpenSource\Backup_controller_v2.0\Software\Azure_RTOS_Example2\Out\Obj\Azure_RTOS_Example1\FileX\src\fxe_file_extended_allocate.o
#        d:\Embedded\Projects\OpenSource\Backup_controller_v2.0\Software\Azure_RTOS_Example2\Out\Obj\Azure_RTOS_Example1\FileX\src\fxe_file_extended_best_effort_allocate.o
#        d:\Embedded\Projects\OpenSource\Backup_controller_v2.0\Software\Azure_RTOS_Example2\Out\Obj\Azure_RTOS_Example1\FileX\src\fxe_file_extended_relative_seek.o
#        d:\Embedded\Projects\OpenSource\Backup_controller_v2.0\Software\Azure_RTOS_Example2\Out\Obj\Azure_RTOS_Example1\FileX\src\fxe_file_extended_seek.o
#        d:\Embedded\Projects\OpenSource\Backup_controller_v2.0\Software\Azure_RTOS_Example2\Out\Obj\Azure_RTOS_Example1\FileX\src\fxe_file_extended_truncate.o
#        d:\Embedded\Projects\OpenSource\Backup_controller_v2.0\Software\Azure_RTOS_Example2\Out\Obj\Azure_RTOS_Example1\FileX\src\fxe_file_extended_truncate_release.o
#        d:\Embedded\Projects\OpenSource\Backup_controller_v2.0\Software\Azure_RTOS_Example2\Out\Obj\Azure_RTOS_Example1\FileX\src\fxe_file_open.o
#        d:\Embedded\Projects\OpenSource\Backup_controller_v2.0\Software\Azure_RTOS_Example2\Out\Obj\Azure_RTOS_Example1\FileX\src\fxe_file_read.o
#        d:\Embedded\Projects\OpenSource\Backup_controller_v2.0\Software\Azure_RTOS_Example2\Out\Obj\Azure_RTOS_Example1\FileX\src\fxe_file_relative_seek.o
#        d:\Embedded\Projects\OpenSource\Backup_controller_v2.0\Software\Azure_RTOS_Example2\Out\Obj\Azure_RTOS_Example1\FileX\src\fxe_file_rename.o
#        d:\Embedded\Projects\OpenSource\Backup_controller_v2.0\Software\Azure_RTOS_Example2\Out\Obj\Azure_RTOS_Example1\FileX\src\fxe_file_seek.o
#        d:\Embedded\Projects\OpenSource\Backup_controller_v2.0\Software\Azure_RTOS_Example2\Out\Obj\Azure_RTOS_Example1\FileX\src\fxe_file_truncate.o
#        d:\Embedded\Projects\OpenSource\Backup_controller_v2.0\Software\Azure_RTOS_Example2\Out\Obj\Azure_RTOS_Example1\FileX\src\fxe_file_truncate_release.o
#        d:\Embedded\Projects\OpenSource\Backup_controller_v2.0\Software\Azure_RTOS_Example2\Out\Obj\Azure_RTOS_Example1\FileX\src\fxe_file_write.o
#        d:\Embedded\Projects\OpenSource\Backup_controller_v2.0\Software\Azure_RTOS_Example2\Out\Obj\Azure_RTOS_Example1\FileX\src\fxe_file_write_notify_set.o
#        d:\Embedded\Projects\OpenSource\Backup_controller_v2.0\Software\Azure_RTOS_Example2\Out\Obj\Azure_RTOS_Example1\FileX\src\fxe_media_abort.o
#        d:\Embedded\Projects\OpenSource\Backup_controller_v2.0\Software\Azure_RTOS_Example2\Out\Obj\Azure_RTOS_Example1\FileX\src\fxe_media_cache_invalidate.o
#        d:\Embedded\Projects\OpenSource\Backup_controller_v2.0\Software\Azure_RTOS_Example2\Out\Obj\Azure_RTOS_Example1\FileX\src\fxe_media_check.o
#        d:\Embedded\Projects\OpenSource\Backup_controller_v2.0\Software\Azure_RTOS_Example2\Out\Obj\Azure_RTOS_Example1\FileX\src\fxe_media_close.o
#        d:\Embedded\Projects\OpenSource\Backup_controller_v2.0\Software\Azure_RTOS_Example2\Out\Obj\Azure_RTOS_Example1\FileX\src\fxe_media_close_notify_set.o
#        d:\Embedded\Projects\OpenSource\Backup_controller_v2.0\Software\Azure_RTOS_Example2\Out\Obj\Azure_RTOS_Example1\FileX\src\fxe_media_exFAT_format.o
#        d:\Embedded\Projects\OpenSource\Backup_controller_v2.0\Software\Azure_RTOS_Example2\Out\Obj\Azure_RTOS_Example1\FileX\src\fxe_media_extended_space_available.o
#        d:\Embedded\Projects\OpenSource\Backup_controller_v2.0\Software\Azure_RTOS_Example2\Out\Obj\Azure_RTOS_Example1\FileX\src\fxe_media_flush.o
#        d:\Embedded\Projects\OpenSource\Backup_controller_v2.0\Software\Azure_RTOS_Example2\Out\Obj\Azure_RTOS_Example1\FileX\src\fxe_media_format.o
#        d:\Embedded\Projects\OpenSource\Backup_controller_v2.0\Software\Azure_RTOS_Example2\Out\Obj\Azure_RTOS_Example1\FileX\src\fxe_media_open.o
#        d:\Embedded\Projects\OpenSource\Backup_controller_v2.0\Software\Azure_RTOS_Example2\Out\Obj\Azure_RTOS_Example1\FileX\src\fxe_media_open_notify_set.o
#        d:\Embedded\Projects\OpenSource\Backup_controller_v2.0\Software\Azure_RTOS_Example2\Out\Obj\Azure_RTOS_Example1\FileX\src\fxe_media_read.o
#        d:\Embedded\Projects\OpenSource\Backup_controller_v2.0\Software\Azure_RTOS_Example2\Out\Obj\Azure_RTOS_Example1\FileX\src\fxe_media_space_available.o
#        d:\Embedded\Projects\OpenSource\Backup_controller_v2.0\Software\Azure_RTOS_Example2\Out\Obj\Azure_RTOS_Example1\FileX\src\fxe_media_volume_get.o
#        d:\Embedded\Projects\OpenSource\Backup_controller_v2.0\Software\Azure_RTOS_Example2\Out\Obj\Azure_RTOS_Example1\FileX\src\fxe_media_volume_get_extended.o
#        d:\Embedded\Projects\OpenSource\Backup_controller_v2.0\Software\Azure_RTOS_Example2\Out\Obj\Azure_RTOS_Example1\FileX\src\fxe_media_volume_set.o
#        d:\Embedded\Projects\OpenSource\Backup_controller_v2.0\Software\Azure_RTOS_Example2\Out\Obj\Azure_RTOS_Example1\FileX\src\fxe_media_write.o
#        d:\Embedded\Projects\OpenSource\Backup_controller_v2.0\Software\Azure_RTOS_Example2\Out\Obj\Azure_RTOS_Example1\FileX\src\fxe_system_date_get.o
#        d:\Embedded\Projects\OpenSource\Backup_controller_v2.0\Software\Azure_RTOS_Example2\Out\Obj\Azure_RTOS_Example1\FileX\src\fxe_system_date_set.o
#        d:\Embedded\Projects\OpenSource\Backup_controller_v2.0\Software\Azure_RTOS_Example2\Out\Obj\Azure_RTOS_Example1\FileX\src\fxe_system_time_get.o
#        d:\Embedded\Projects\OpenSource\Backup_controller_v2.0\Software\Azure_RTOS_Example2\Out\Obj\Azure_RTOS_Example1\FileX\src\fxe_system_time_set.o
#        d:\Embedded\Projects\OpenSource\Backup_controller_v2.0\Software\Azure_RTOS_Example2\Out\Obj\Azure_RTOS_Example1\FileX\src\fxe_unicode_directory_create.o
#        d:\Embedded\Projects\OpenSource\Backup_controller_v2.0\Software\Azure_RTOS_Example2\Out\Obj\Azure_RTOS_Example1\FileX\src\fxe_unicode_directory_rename.o
#        d:\Embedded\Projects\OpenSource\Backup_controller_v2.0\Software\Azure_RTOS_Example2\Out\Obj\Azure_RTOS_Example1\FileX\src\fxe_unicode_file_create.o
#        d:\Embedded\Projects\OpenSource\Backup_controller_v2.0\Software\Azure_RTOS_Example2\Out\Obj\Azure_RTOS_Example1\FileX\src\fxe_unicode_file_rename.o
#        d:\Embedded\Projects\OpenSource\Backup_controller_v2.0\Software\Azure_RTOS_Example2\Out\Obj\Azure_RTOS_Example1\FileX\src\fxe_unicode_name_get.o
#        d:\Embedded\Projects\OpenSource\Backup_controller_v2.0\Software\Azure_RTOS_Example2\Out\Obj\Azure_RTOS_Example1\FileX\src\fxe_unicode_name_get_extended.o
#        d:\Embedded\Projects\OpenSource\Backup_controller_v2.0\Software\Azure_RTOS_Example2\Out\Obj\Azure_RTOS_Example1\FileX\src\fxe_unicode_short_name_get.o
#        d:\Embedded\Projects\OpenSource\Backup_controller_v2.0\Software\Azure_RTOS_Example2\Out\Obj\Azure_RTOS_Example1\FileX\src\fxe_unicode_short_name_get_extended.o
#        d:\Embedded\Projects\OpenSource\Backup_controller_v2.0\Software\Azure_RTOS_Example2\Out\Obj\Azure_RTOS_Example1\App\Core\gpio.o
#        d:\Embedded\Projects\OpenSource\Backup_controller_v2.0\Software\Azure_RTOS_Example2\Out\Obj\Azure_RTOS_Example1\App\Core\i2c.o
#        d:\Embedded\Projects\OpenSource\Backup_controller_v2.0\Software\Azure_RTOS_Example2\Out\Obj\Azure_RTOS_Example1\App\IDLE_task.o
#        d:\Embedded\Projects\OpenSource\Backup_controller_v2.0\Software\Azure_RTOS_Example2\Out\Obj\Azure_RTOS_Example1\App\logger.o
#        d:\Embedded\Projects\OpenSource\Backup_controller_v2.0\Software\Azure_RTOS_Example2\Out\Obj\Azure_RTOS_Example1\App\Main.o
#        d:\Embedded\Projects\OpenSource\Backup_controller_v2.0\Software\Azure_RTOS_Example2\Out\Obj\Azure_RTOS_Example1\App\Main_thread.o
#        d:\Embedded\Projects\OpenSource\Backup_controller_v2.0\Software\Azure_RTOS_Example2\Out\Obj\Azure_RTOS_Example1\App\Mem_man.o
#        d:\Embedded\Projects\OpenSource\Backup_controller_v2.0\Software\Azure_RTOS_Example2\Out\Obj\Azure_RTOS_Example1\App\VT100\MonitorVT100.o
#        d:\Embedded\Projects\OpenSource\Backup_controller_v2.0\Software\Azure_RTOS_Example2\Out\Obj\Azure_RTOS_Example1\App\Network\Net_common.o
#        d:\Embedded\Projects\OpenSource\Backup_controller_v2.0\Software\Azure_RTOS_Example2\Out\Obj\Azure_RTOS_Example1\App\Network\Net_Telnet.o
#        d:\Embedded\Projects\OpenSource\Backup_controller_v2.0\Software\Azure_RTOS_Example2\Out\Obj\Azure_RTOS_Example1\App\Network\Net_utils.o
#        d:\Embedded\Projects\OpenSource\Backup_controller_v2.0\Software\Azure_RTOS_Example2\Out\Obj\Azure_RTOS_Example1\App\Parameters\NV_store.o
#        d:\Embedded\Projects\OpenSource\Backup_controller_v2.0\Software\Azure_RTOS_Example2\Out\Obj\Azure_RTOS_Example1\NetXDuo\common\src\nx_arp_announce_send.o
#        d:\Embedded\Projects\OpenSource\Backup_controller_v2.0\Software\Azure_RTOS_Example2\Out\Obj\Azure_RTOS_Example1\NetXDuo\common\src\nx_arp_dynamic_entries_invalidate.o
#        d:\Embedded\Projects\OpenSource\Backup_controller_v2.0\Software\Azure_RTOS_Example2\Out\Obj\Azure_RTOS_Example1\NetXDuo\common\src\nx_arp_dynamic_entry_delete.o
#        d:\Embedded\Projects\OpenSource\Backup_controller_v2.0\Software\Azure_RTOS_Example2\Out\Obj\Azure_RTOS_Example1\NetXDuo\common\src\nx_arp_dynamic_entry_set.o
#        d:\Embedded\Projects\OpenSource\Backup_controller_v2.0\Software\Azure_RTOS_Example2\Out\Obj\Azure_RTOS_Example1\NetXDuo\common\src\nx_arp_enable.o
#        d:\Embedded\Projects\OpenSource\Backup_controller_v2.0\Software\Azure_RTOS_Example2\Out\Obj\Azure_RTOS_Example1\NetXDuo\common\src\nx_arp_entry_allocate.o
#        d:\Embedded\Projects\OpenSource\Backup_controller_v2.0\Software\Azure_RTOS_Example2\Out\Obj\Azure_RTOS_Example1\NetXDuo\common\src\nx_arp_entry_delete.o
#        d:\Embedded\Projects\OpenSource\Backup_controller_v2.0\Software\Azure_RTOS_Example2\Out\Obj\Azure_RTOS_Example1\NetXDuo\common\src\nx_arp_gratuitous_send.o
#        d:\Embedded\Projects\OpenSource\Backup_controller_v2.0\Software\Azure_RTOS_Example2\Out\Obj\Azure_RTOS_Example1\NetXDuo\common\src\nx_arp_hardware_address_find.o
#        d:\Embedded\Projects\OpenSource\Backup_controller_v2.0\Software\Azure_RTOS_Example2\Out\Obj\Azure_RTOS_Example1\NetXDuo\common\src\nx_arp_info_get.o
#        d:\Embedded\Projects\OpenSource\Backup_controller_v2.0\Software\Azure_RTOS_Example2\Out\Obj\Azure_RTOS_Example1\NetXDuo\common\src\nx_arp_initialize.o
#        d:\Embedded\Projects\OpenSource\Backup_controller_v2.0\Software\Azure_RTOS_Example2\Out\Obj\Azure_RTOS_Example1\NetXDuo\common\src\nx_arp_interface_entries_delete.o
#        d:\Embedded\Projects\OpenSource\Backup_controller_v2.0\Software\Azure_RTOS_Example2\Out\Obj\Azure_RTOS_Example1\NetXDuo\common\src\nx_arp_ip_address_find.o
#        d:\Embedded\Projects\OpenSource\Backup_controller_v2.0\Software\Azure_RTOS_Example2\Out\Obj\Azure_RTOS_Example1\NetXDuo\common\src\nx_arp_packet_deferred_receive.o
#        d:\Embedded\Projects\OpenSource\Backup_controller_v2.0\Software\Azure_RTOS_Example2\Out\Obj\Azure_RTOS_Example1\NetXDuo\common\src\nx_arp_packet_receive.o
#        d:\Embedded\Projects\OpenSource\Backup_controller_v2.0\Software\Azure_RTOS_Example2\Out\Obj\Azure_RTOS_Example1\NetXDuo\common\src\nx_arp_packet_send.o
#        d:\Embedded\Projects\OpenSource\Backup_controller_v2.0\Software\Azure_RTOS_Example2\Out\Obj\Azure_RTOS_Example1\NetXDuo\common\src\nx_arp_periodic_update.o
#        d:\Embedded\Projects\OpenSource\Backup_controller_v2.0\Software\Azure_RTOS_Example2\Out\Obj\Azure_RTOS_Example1\NetXDuo\common\src\nx_arp_probe_send.o
#        d:\Embedded\Projects\OpenSource\Backup_controller_v2.0\Software\Azure_RTOS_Example2\Out\Obj\Azure_RTOS_Example1\NetXDuo\common\src\nx_arp_queue_process.o
#        d:\Embedded\Projects\OpenSource\Backup_controller_v2.0\Software\Azure_RTOS_Example2\Out\Obj\Azure_RTOS_Example1\NetXDuo\common\src\nx_arp_queue_send.o
#        d:\Embedded\Projects\OpenSource\Backup_controller_v2.0\Software\Azure_RTOS_Example2\Out\Obj\Azure_RTOS_Example1\NetXDuo\common\src\nx_arp_static_entries_delete.o
#        d:\Embedded\Projects\OpenSource\Backup_controller_v2.0\Software\Azure_RTOS_Example2\Out\Obj\Azure_RTOS_Example1\NetXDuo\common\src\nx_arp_static_entry_create.o
#        d:\Embedded\Projects\OpenSource\Backup_controller_v2.0\Software\Azure_RTOS_Example2\Out\Obj\Azure_RTOS_Example1\NetXDuo\common\src\nx_arp_static_entry_delete.o
#        d:\Embedded\Projects\OpenSource\Backup_controller_v2.0\Software\Azure_RTOS_Example2\Out\Obj\Azure_RTOS_Example1\NetXDuo\common\src\nx_arp_static_entry_delete_internal.o
#        d:\Embedded\Projects\OpenSource\Backup_controller_v2.0\Software\Azure_RTOS_Example2\Out\Obj\Azure_RTOS_Example1\NetXDuo\addons\auto_ip\nx_auto_ip.o
#        d:\Embedded\Projects\OpenSource\Backup_controller_v2.0\Software\Azure_RTOS_Example2\Out\Obj\Azure_RTOS_Example1\NetXDuo\addons\cloud\nx_cloud.o
#        d:\Embedded\Projects\OpenSource\Backup_controller_v2.0\Software\Azure_RTOS_Example2\Out\Obj\Azure_RTOS_Example1\NetXDuo\crypto_libraries\src\nx_crypto_3des.o
#        d:\Embedded\Projects\OpenSource\Backup_controller_v2.0\Software\Azure_RTOS_Example2\Out\Obj\Azure_RTOS_Example1\NetXDuo\crypto_libraries\src\nx_crypto_aes.o
#        d:\Embedded\Projects\OpenSource\Backup_controller_v2.0\Software\Azure_RTOS_Example2\Out\Obj\Azure_RTOS_Example1\NetXDuo\crypto_libraries\src\nx_crypto_cbc.o
#        d:\Embedded\Projects\OpenSource\Backup_controller_v2.0\Software\Azure_RTOS_Example2\Out\Obj\Azure_RTOS_Example1\NetXDuo\crypto_libraries\src\nx_crypto_ccm.o
#        d:\Embedded\Projects\OpenSource\Backup_controller_v2.0\Software\Azure_RTOS_Example2\Out\Obj\Azure_RTOS_Example1\NetXDuo\crypto_libraries\src\nx_crypto_ctr.o
#        d:\Embedded\Projects\OpenSource\Backup_controller_v2.0\Software\Azure_RTOS_Example2\Out\Obj\Azure_RTOS_Example1\NetXDuo\crypto_libraries\src\nx_crypto_des.o
#        d:\Embedded\Projects\OpenSource\Backup_controller_v2.0\Software\Azure_RTOS_Example2\Out\Obj\Azure_RTOS_Example1\NetXDuo\crypto_libraries\src\nx_crypto_dh.o
#        d:\Embedded\Projects\OpenSource\Backup_controller_v2.0\Software\Azure_RTOS_Example2\Out\Obj\Azure_RTOS_Example1\NetXDuo\crypto_libraries\src\nx_crypto_drbg.o
#        d:\Embedded\Projects\OpenSource\Backup_controller_v2.0\Software\Azure_RTOS_Example2\Out\Obj\Azure_RTOS_Example1\NetXDuo\crypto_libraries\src\nx_crypto_ec.o
#        d:\Embedded\Projects\OpenSource\Backup_controller_v2.0\Software\Azure_RTOS_Example2\Out\Obj\Azure_RTOS_Example1\NetXDuo\crypto_libraries\src\nx_crypto_ec_secp192r1_fixed_points.o
#        d:\Embedded\Projects\OpenSource\Backup_controller_v2.0\Software\Azure_RTOS_Example2\Out\Obj\Azure_RTOS_Example1\NetXDuo\crypto_libraries\src\nx_crypto_ec_secp224r1_fixed_points.o
#        d:\Embedded\Projects\OpenSource\Backup_controller_v2.0\Software\Azure_RTOS_Example2\Out\Obj\Azure_RTOS_Example1\NetXDuo\crypto_libraries\src\nx_crypto_ec_secp256r1_fixed_points.o
#        d:\Embedded\Projects\OpenSource\Backup_controller_v2.0\Software\Azure_RTOS_Example2\Out\Obj\Azure_RTOS_Example1\NetXDuo\crypto_libraries\src\nx_crypto_ec_secp384r1_fixed_points.o
#        d:\Embedded\Projects\OpenSource\Backup_controller_v2.0\Software\Azure_RTOS_Example2\Out\Obj\Azure_RTOS_Example1\NetXDuo\crypto_libraries\src\nx_crypto_ec_secp521r1_fixed_points.o
#        d:\Embedded\Projects\OpenSource\Backup_controller_v2.0\Software\Azure_RTOS_Example2\Out\Obj\Azure_RTOS_Example1\NetXDuo\crypto_libraries\src\nx_crypto_ecdh.o
#        d:\Embedded\Projects\OpenSource\Backup_controller_v2.0\Software\Azure_RTOS_Example2\Out\Obj\Azure_RTOS_Example1\NetXDuo\crypto_libraries\src\nx_crypto_ecdsa.o
#        d:\Embedded\Projects\OpenSource\Backup_controller_v2.0\Software\Azure_RTOS_Example2\Out\Obj\Azure_RTOS_Example1\NetXDuo\crypto_libraries\src\nx_crypto_ecjpake.o
#        d:\Embedded\Projects\OpenSource\Backup_controller_v2.0\Software\Azure_RTOS_Example2\Out\Obj\Azure_RTOS_Example1\NetXDuo\crypto_libraries\src\nx_crypto_gcm.o
#        d:\Embedded\Projects\OpenSource\Backup_controller_v2.0\Software\Azure_RTOS_Example2\Out\Obj\Azure_RTOS_Example1\NetXDuo\crypto_libraries\src\nx_crypto_generic_ciphersuites.o
#        d:\Embedded\Projects\OpenSource\Backup_controller_v2.0\Software\Azure_RTOS_Example2\Out\Obj\Azure_RTOS_Example1\NetXDuo\crypto_libraries\src\nx_crypto_hkdf.o
#        d:\Embedded\Projects\OpenSource\Backup_controller_v2.0\Software\Azure_RTOS_Example2\Out\Obj\Azure_RTOS_Example1\NetXDuo\crypto_libraries\src\nx_crypto_hmac.o
#        d:\Embedded\Projects\OpenSource\Backup_controller_v2.0\Software\Azure_RTOS_Example2\Out\Obj\Azure_RTOS_Example1\NetXDuo\crypto_libraries\src\nx_crypto_hmac_md5.o
#        d:\Embedded\Projects\OpenSource\Backup_controller_v2.0\Software\Azure_RTOS_Example2\Out\Obj\Azure_RTOS_Example1\NetXDuo\crypto_libraries\src\nx_crypto_hmac_sha1.o
#        d:\Embedded\Projects\OpenSource\Backup_controller_v2.0\Software\Azure_RTOS_Example2\Out\Obj\Azure_RTOS_Example1\NetXDuo\crypto_libraries\src\nx_crypto_hmac_sha2.o
#        d:\Embedded\Projects\OpenSource\Backup_controller_v2.0\Software\Azure_RTOS_Example2\Out\Obj\Azure_RTOS_Example1\NetXDuo\crypto_libraries\src\nx_crypto_hmac_sha5.o
#        d:\Embedded\Projects\OpenSource\Backup_controller_v2.0\Software\Azure_RTOS_Example2\Out\Obj\Azure_RTOS_Example1\NetXDuo\crypto_libraries\src\nx_crypto_huge_number.o
#        d:\Embedded\Projects\OpenSource\Backup_controller_v2.0\Software\Azure_RTOS_Example2\Out\Obj\Azure_RTOS_Example1\NetXDuo\crypto_libraries\src\nx_crypto_huge_number_extended.o
#        d:\Embedded\Projects\OpenSource\Backup_controller_v2.0\Software\Azure_RTOS_Example2\Out\Obj\Azure_RTOS_Example1\NetXDuo\crypto_libraries\src\nx_crypto_initialize.o
#        d:\Embedded\Projects\OpenSource\Backup_controller_v2.0\Software\Azure_RTOS_Example2\Out\Obj\Azure_RTOS_Example1\NetXDuo\crypto_libraries\src\nx_crypto_md5.o
#        d:\Embedded\Projects\OpenSource\Backup_controller_v2.0\Software\Azure_RTOS_Example2\Out\Obj\Azure_RTOS_Example1\NetXDuo\crypto_libraries\src\nx_crypto_method_self_test.o
#        d:\Embedded\Projects\OpenSource\Backup_controller_v2.0\Software\Azure_RTOS_Example2\Out\Obj\Azure_RTOS_Example1\NetXDuo\crypto_libraries\src\nx_crypto_method_self_test_3des.o
#        d:\Embedded\Projects\OpenSource\Backup_controller_v2.0\Software\Azure_RTOS_Example2\Out\Obj\Azure_RTOS_Example1\NetXDuo\crypto_libraries\src\nx_crypto_method_self_test_aes.o
#        d:\Embedded\Projects\OpenSource\Backup_controller_v2.0\Software\Azure_RTOS_Example2\Out\Obj\Azure_RTOS_Example1\NetXDuo\crypto_libraries\src\nx_crypto_method_self_test_des.o
#        d:\Embedded\Projects\OpenSource\Backup_controller_v2.0\Software\Azure_RTOS_Example2\Out\Obj\Azure_RTOS_Example1\NetXDuo\crypto_libraries\src\nx_crypto_method_self_test_drbg.o
#        d:\Embedded\Projects\OpenSource\Backup_controller_v2.0\Software\Azure_RTOS_Example2\Out\Obj\Azure_RTOS_Example1\NetXDuo\crypto_libraries\src\nx_crypto_method_self_test_ecdh.o
#        d:\Embedded\Projects\OpenSource\Backup_controller_v2.0\Software\Azure_RTOS_Example2\Out\Obj\Azure_RTOS_Example1\NetXDuo\crypto_libraries\src\nx_crypto_method_self_test_ecdsa.o
#        d:\Embedded\Projects\OpenSource\Backup_controller_v2.0\Software\Azure_RTOS_Example2\Out\Obj\Azure_RTOS_Example1\NetXDuo\crypto_libraries\src\nx_crypto_method_self_test_hmac_md5.o
#        d:\Embedded\Projects\OpenSource\Backup_controller_v2.0\Software\Azure_RTOS_Example2\Out\Obj\Azure_RTOS_Example1\NetXDuo\crypto_libraries\src\nx_crypto_method_self_test_hmac_sha.o
#        d:\Embedded\Projects\OpenSource\Backup_controller_v2.0\Software\Azure_RTOS_Example2\Out\Obj\Azure_RTOS_Example1\NetXDuo\crypto_libraries\src\nx_crypto_method_self_test_md5.o
#        d:\Embedded\Projects\OpenSource\Backup_controller_v2.0\Software\Azure_RTOS_Example2\Out\Obj\Azure_RTOS_Example1\NetXDuo\crypto_libraries\src\nx_crypto_method_self_test_pkcs1.o
#        d:\Embedded\Projects\OpenSource\Backup_controller_v2.0\Software\Azure_RTOS_Example2\Out\Obj\Azure_RTOS_Example1\NetXDuo\crypto_libraries\src\nx_crypto_method_self_test_prf.o
#        d:\Embedded\Projects\OpenSource\Backup_controller_v2.0\Software\Azure_RTOS_Example2\Out\Obj\Azure_RTOS_Example1\NetXDuo\crypto_libraries\src\nx_crypto_method_self_test_rsa.o
#        d:\Embedded\Projects\OpenSource\Backup_controller_v2.0\Software\Azure_RTOS_Example2\Out\Obj\Azure_RTOS_Example1\NetXDuo\crypto_libraries\src\nx_crypto_method_self_test_sha.o
#        d:\Embedded\Projects\OpenSource\Backup_controller_v2.0\Software\Azure_RTOS_Example2\Out\Obj\Azure_RTOS_Example1\NetXDuo\crypto_libraries\src\nx_crypto_methods.o
#        d:\Embedded\Projects\OpenSource\Backup_controller_v2.0\Software\Azure_RTOS_Example2\Out\Obj\Azure_RTOS_Example1\NetXDuo\crypto_libraries\src\nx_crypto_module_start.o
#        d:\Embedded\Projects\OpenSource\Backup_controller_v2.0\Software\Azure_RTOS_Example2\Out\Obj\Azure_RTOS_Example1\NetXDuo\crypto_libraries\src\nx_crypto_null_cipher.o
#        d:\Embedded\Projects\OpenSource\Backup_controller_v2.0\Software\Azure_RTOS_Example2\Out\Obj\Azure_RTOS_Example1\NetXDuo\crypto_libraries\src\nx_crypto_phash.o
#        d:\Embedded\Projects\OpenSource\Backup_controller_v2.0\Software\Azure_RTOS_Example2\Out\Obj\Azure_RTOS_Example1\NetXDuo\crypto_libraries\src\nx_crypto_pkcs1_v1.5.o
#        d:\Embedded\Projects\OpenSource\Backup_controller_v2.0\Software\Azure_RTOS_Example2\Out\Obj\Azure_RTOS_Example1\NetXDuo\crypto_libraries\src\nx_crypto_rsa.o
#        d:\Embedded\Projects\OpenSource\Backup_controller_v2.0\Software\Azure_RTOS_Example2\Out\Obj\Azure_RTOS_Example1\NetXDuo\crypto_libraries\src\nx_crypto_sha1.o
#        d:\Embedded\Projects\OpenSource\Backup_controller_v2.0\Software\Azure_RTOS_Example2\Out\Obj\Azure_RTOS_Example1\NetXDuo\crypto_libraries\src\nx_crypto_sha2.o
#        d:\Embedded\Projects\OpenSource\Backup_controller_v2.0\Software\Azure_RTOS_Example2\Out\Obj\Azure_RTOS_Example1\NetXDuo\crypto_libraries\src\nx_crypto_sha5.o
#        d:\Embedded\Projects\OpenSource\Backup_controller_v2.0\Software\Azure_RTOS_Example2\Out\Obj\Azure_RTOS_Example1\NetXDuo\crypto_libraries\src\nx_crypto_tls_prf_1.o
#        d:\Embedded\Projects\OpenSource\Backup_controller_v2.0\Software\Azure_RTOS_Example2\Out\Obj\Azure_RTOS_Example1\NetXDuo\crypto_libraries\src\nx_crypto_tls_prf_sha256.o
#        d:\Embedded\Projects\OpenSource\Backup_controller_v2.0\Software\Azure_RTOS_Example2\Out\Obj\Azure_RTOS_Example1\NetXDuo\crypto_libraries\src\nx_crypto_tls_prf_sha384.o
#        d:\Embedded\Projects\OpenSource\Backup_controller_v2.0\Software\Azure_RTOS_Example2\Out\Obj\Azure_RTOS_Example1\NetXDuo\crypto_libraries\src\nx_crypto_tls_prf_sha512.o
#        d:\Embedded\Projects\OpenSource\Backup_controller_v2.0\Software\Azure_RTOS_Example2\Out\Obj\Azure_RTOS_Example1\NetXDuo\crypto_libraries\src\nx_crypto_xcbc_mac.o
#        d:\Embedded\Projects\OpenSource\Backup_controller_v2.0\Software\Azure_RTOS_Example2\Out\Obj\Azure_RTOS_Example1\NetXDuo\addons\snmp\nx_des.o
#        d:\Embedded\Projects\OpenSource\Backup_controller_v2.0\Software\Azure_RTOS_Example2\Out\Obj\Azure_RTOS_Example1\NetXDuo\common\src\nx_icmp_cleanup.o
#        d:\Embedded\Projects\OpenSource\Backup_controller_v2.0\Software\Azure_RTOS_Example2\Out\Obj\Azure_RTOS_Example1\NetXDuo\common\src\nx_icmp_enable.o
#        d:\Embedded\Projects\OpenSource\Backup_controller_v2.0\Software\Azure_RTOS_Example2\Out\Obj\Azure_RTOS_Example1\NetXDuo\common\src\nx_icmp_info_get.o
#        d:\Embedded\Projects\OpenSource\Backup_controller_v2.0\Software\Azure_RTOS_Example2\Out\Obj\Azure_RTOS_Example1\NetXDuo\common\src\nx_icmp_interface_ping.o
#        d:\Embedded\Projects\OpenSource\Backup_controller_v2.0\Software\Azure_RTOS_Example2\Out\Obj\Azure_RTOS_Example1\NetXDuo\common\src\nx_icmp_interface_ping6.o
#        d:\Embedded\Projects\OpenSource\Backup_controller_v2.0\Software\Azure_RTOS_Example2\Out\Obj\Azure_RTOS_Example1\NetXDuo\common\src\nx_icmp_packet_process.o
#        d:\Embedded\Projects\OpenSource\Backup_controller_v2.0\Software\Azure_RTOS_Example2\Out\Obj\Azure_RTOS_Example1\NetXDuo\common\src\nx_icmp_packet_receive.o
#        d:\Embedded\Projects\OpenSource\Backup_controller_v2.0\Software\Azure_RTOS_Example2\Out\Obj\Azure_RTOS_Example1\NetXDuo\common\src\nx_icmp_ping.o
#        d:\Embedded\Projects\OpenSource\Backup_controller_v2.0\Software\Azure_RTOS_Example2\Out\Obj\Azure_RTOS_Example1\NetXDuo\common\src\nx_icmp_ping6.o
#        d:\Embedded\Projects\OpenSource\Backup_controller_v2.0\Software\Azure_RTOS_Example2\Out\Obj\Azure_RTOS_Example1\NetXDuo\common\src\nx_icmp_queue_process.o
#        d:\Embedded\Projects\OpenSource\Backup_controller_v2.0\Software\Azure_RTOS_Example2\Out\Obj\Azure_RTOS_Example1\NetXDuo\common\src\nx_icmpv4_packet_process.o
#        d:\Embedded\Projects\OpenSource\Backup_controller_v2.0\Software\Azure_RTOS_Example2\Out\Obj\Azure_RTOS_Example1\NetXDuo\common\src\nx_icmpv4_process_echo_reply.o
#        d:\Embedded\Projects\OpenSource\Backup_controller_v2.0\Software\Azure_RTOS_Example2\Out\Obj\Azure_RTOS_Example1\NetXDuo\common\src\nx_icmpv4_process_echo_request.o
#        d:\Embedded\Projects\OpenSource\Backup_controller_v2.0\Software\Azure_RTOS_Example2\Out\Obj\Azure_RTOS_Example1\NetXDuo\common\src\nx_icmpv4_send_error_message.o
#        d:\Embedded\Projects\OpenSource\Backup_controller_v2.0\Software\Azure_RTOS_Example2\Out\Obj\Azure_RTOS_Example1\NetXDuo\common\src\nx_icmpv6_DAD_clear_NDCache_entry.o
#        d:\Embedded\Projects\OpenSource\Backup_controller_v2.0\Software\Azure_RTOS_Example2\Out\Obj\Azure_RTOS_Example1\NetXDuo\common\src\nx_icmpv6_DAD_failure.o
#        d:\Embedded\Projects\OpenSource\Backup_controller_v2.0\Software\Azure_RTOS_Example2\Out\Obj\Azure_RTOS_Example1\NetXDuo\common\src\nx_icmpv6_dest_table_add.o
#        d:\Embedded\Projects\OpenSource\Backup_controller_v2.0\Software\Azure_RTOS_Example2\Out\Obj\Azure_RTOS_Example1\NetXDuo\common\src\nx_icmpv6_dest_table_find.o
#        d:\Embedded\Projects\OpenSource\Backup_controller_v2.0\Software\Azure_RTOS_Example2\Out\Obj\Azure_RTOS_Example1\NetXDuo\common\src\nx_icmpv6_destination_table_periodic_update.o
#        d:\Embedded\Projects\OpenSource\Backup_controller_v2.0\Software\Azure_RTOS_Example2\Out\Obj\Azure_RTOS_Example1\NetXDuo\common\src\nx_icmpv6_packet_process.o
#        d:\Embedded\Projects\OpenSource\Backup_controller_v2.0\Software\Azure_RTOS_Example2\Out\Obj\Azure_RTOS_Example1\NetXDuo\common\src\nx_icmpv6_perform_DAD.o
#        d:\Embedded\Projects\OpenSource\Backup_controller_v2.0\Software\Azure_RTOS_Example2\Out\Obj\Azure_RTOS_Example1\NetXDuo\common\src\nx_icmpv6_process_echo_reply.o
#        d:\Embedded\Projects\OpenSource\Backup_controller_v2.0\Software\Azure_RTOS_Example2\Out\Obj\Azure_RTOS_Example1\NetXDuo\common\src\nx_icmpv6_process_echo_request.o
#        d:\Embedded\Projects\OpenSource\Backup_controller_v2.0\Software\Azure_RTOS_Example2\Out\Obj\Azure_RTOS_Example1\NetXDuo\common\src\nx_icmpv6_process_na.o
#        d:\Embedded\Projects\OpenSource\Backup_controller_v2.0\Software\Azure_RTOS_Example2\Out\Obj\Azure_RTOS_Example1\NetXDuo\common\src\nx_icmpv6_process_ns.o
#        d:\Embedded\Projects\OpenSource\Backup_controller_v2.0\Software\Azure_RTOS_Example2\Out\Obj\Azure_RTOS_Example1\NetXDuo\common\src\nx_icmpv6_process_packet_too_big.o
#        d:\Embedded\Projects\OpenSource\Backup_controller_v2.0\Software\Azure_RTOS_Example2\Out\Obj\Azure_RTOS_Example1\NetXDuo\common\src\nx_icmpv6_process_ra.o
#        d:\Embedded\Projects\OpenSource\Backup_controller_v2.0\Software\Azure_RTOS_Example2\Out\Obj\Azure_RTOS_Example1\NetXDuo\common\src\nx_icmpv6_process_redirect.o
#        d:\Embedded\Projects\OpenSource\Backup_controller_v2.0\Software\Azure_RTOS_Example2\Out\Obj\Azure_RTOS_Example1\NetXDuo\common\src\nx_icmpv6_send_error_message.o
#        d:\Embedded\Projects\OpenSource\Backup_controller_v2.0\Software\Azure_RTOS_Example2\Out\Obj\Azure_RTOS_Example1\NetXDuo\common\src\nx_icmpv6_send_ns.o
#        d:\Embedded\Projects\OpenSource\Backup_controller_v2.0\Software\Azure_RTOS_Example2\Out\Obj\Azure_RTOS_Example1\NetXDuo\common\src\nx_icmpv6_send_queued_packets.o
#        d:\Embedded\Projects\OpenSource\Backup_controller_v2.0\Software\Azure_RTOS_Example2\Out\Obj\Azure_RTOS_Example1\NetXDuo\common\src\nx_icmpv6_send_rs.o
#        d:\Embedded\Projects\OpenSource\Backup_controller_v2.0\Software\Azure_RTOS_Example2\Out\Obj\Azure_RTOS_Example1\NetXDuo\common\src\nx_icmpv6_validate_neighbor_message.o
#        d:\Embedded\Projects\OpenSource\Backup_controller_v2.0\Software\Azure_RTOS_Example2\Out\Obj\Azure_RTOS_Example1\NetXDuo\common\src\nx_icmpv6_validate_options.o
#        d:\Embedded\Projects\OpenSource\Backup_controller_v2.0\Software\Azure_RTOS_Example2\Out\Obj\Azure_RTOS_Example1\NetXDuo\common\src\nx_icmpv6_validate_ra.o
#        d:\Embedded\Projects\OpenSource\Backup_controller_v2.0\Software\Azure_RTOS_Example2\Out\Obj\Azure_RTOS_Example1\NetXDuo\common\src\nx_igmp_enable.o
#        d:\Embedded\Projects\OpenSource\Backup_controller_v2.0\Software\Azure_RTOS_Example2\Out\Obj\Azure_RTOS_Example1\NetXDuo\common\src\nx_igmp_info_get.o
#        d:\Embedded\Projects\OpenSource\Backup_controller_v2.0\Software\Azure_RTOS_Example2\Out\Obj\Azure_RTOS_Example1\NetXDuo\common\src\nx_igmp_interface_report_send.o
#        d:\Embedded\Projects\OpenSource\Backup_controller_v2.0\Software\Azure_RTOS_Example2\Out\Obj\Azure_RTOS_Example1\NetXDuo\common\src\nx_igmp_loopback_disable.o
#        d:\Embedded\Projects\OpenSource\Backup_controller_v2.0\Software\Azure_RTOS_Example2\Out\Obj\Azure_RTOS_Example1\NetXDuo\common\src\nx_igmp_loopback_enable.o
#        d:\Embedded\Projects\OpenSource\Backup_controller_v2.0\Software\Azure_RTOS_Example2\Out\Obj\Azure_RTOS_Example1\NetXDuo\common\src\nx_igmp_multicast_check.o
#        d:\Embedded\Projects\OpenSource\Backup_controller_v2.0\Software\Azure_RTOS_Example2\Out\Obj\Azure_RTOS_Example1\NetXDuo\common\src\nx_igmp_multicast_interface_join.o
#        d:\Embedded\Projects\OpenSource\Backup_controller_v2.0\Software\Azure_RTOS_Example2\Out\Obj\Azure_RTOS_Example1\NetXDuo\common\src\nx_igmp_multicast_interface_join_internal.o
#        d:\Embedded\Projects\OpenSource\Backup_controller_v2.0\Software\Azure_RTOS_Example2\Out\Obj\Azure_RTOS_Example1\NetXDuo\common\src\nx_igmp_multicast_interface_leave.o
#        d:\Embedded\Projects\OpenSource\Backup_controller_v2.0\Software\Azure_RTOS_Example2\Out\Obj\Azure_RTOS_Example1\NetXDuo\common\src\nx_igmp_multicast_interface_leave_internal.o
#        d:\Embedded\Projects\OpenSource\Backup_controller_v2.0\Software\Azure_RTOS_Example2\Out\Obj\Azure_RTOS_Example1\NetXDuo\common\src\nx_igmp_multicast_join.o
#        d:\Embedded\Projects\OpenSource\Backup_controller_v2.0\Software\Azure_RTOS_Example2\Out\Obj\Azure_RTOS_Example1\NetXDuo\common\src\nx_igmp_multicast_leave.o
#        d:\Embedded\Projects\OpenSource\Backup_controller_v2.0\Software\Azure_RTOS_Example2\Out\Obj\Azure_RTOS_Example1\NetXDuo\common\src\nx_igmp_packet_process.o
#        d:\Embedded\Projects\OpenSource\Backup_controller_v2.0\Software\Azure_RTOS_Example2\Out\Obj\Azure_RTOS_Example1\NetXDuo\common\src\nx_igmp_packet_receive.o
#        d:\Embedded\Projects\OpenSource\Backup_controller_v2.0\Software\Azure_RTOS_Example2\Out\Obj\Azure_RTOS_Example1\NetXDuo\common\src\nx_igmp_periodic_processing.o
#        d:\Embedded\Projects\OpenSource\Backup_controller_v2.0\Software\Azure_RTOS_Example2\Out\Obj\Azure_RTOS_Example1\NetXDuo\common\src\nx_igmp_queue_process.o
#        d:\Embedded\Projects\OpenSource\Backup_controller_v2.0\Software\Azure_RTOS_Example2\Out\Obj\Azure_RTOS_Example1\NetXDuo\common\src\nx_invalidate_destination_entry.o
#        d:\Embedded\Projects\OpenSource\Backup_controller_v2.0\Software\Azure_RTOS_Example2\Out\Obj\Azure_RTOS_Example1\NetXDuo\common\src\nx_ip_address_change_notify.o
#        d:\Embedded\Projects\OpenSource\Backup_controller_v2.0\Software\Azure_RTOS_Example2\Out\Obj\Azure_RTOS_Example1\NetXDuo\common\src\nx_ip_address_get.o
#        d:\Embedded\Projects\OpenSource\Backup_controller_v2.0\Software\Azure_RTOS_Example2\Out\Obj\Azure_RTOS_Example1\NetXDuo\common\src\nx_ip_address_set.o
#        d:\Embedded\Projects\OpenSource\Backup_controller_v2.0\Software\Azure_RTOS_Example2\Out\Obj\Azure_RTOS_Example1\NetXDuo\common\src\nx_ip_auxiliary_packet_pool_set.o
#        d:\Embedded\Projects\OpenSource\Backup_controller_v2.0\Software\Azure_RTOS_Example2\Out\Obj\Azure_RTOS_Example1\NetXDuo\common\src\nx_ip_checksum_compute.o
#        d:\Embedded\Projects\OpenSource\Backup_controller_v2.0\Software\Azure_RTOS_Example2\Out\Obj\Azure_RTOS_Example1\NetXDuo\common\src\nx_ip_create.o
#        d:\Embedded\Projects\OpenSource\Backup_controller_v2.0\Software\Azure_RTOS_Example2\Out\Obj\Azure_RTOS_Example1\NetXDuo\common\src\nx_ip_deferred_link_status_process.o
#        d:\Embedded\Projects\OpenSource\Backup_controller_v2.0\Software\Azure_RTOS_Example2\Out\Obj\Azure_RTOS_Example1\NetXDuo\common\src\nx_ip_delete.o
#        d:\Embedded\Projects\OpenSource\Backup_controller_v2.0\Software\Azure_RTOS_Example2\Out\Obj\Azure_RTOS_Example1\NetXDuo\common\src\nx_ip_delete_queue_clear.o
#        d:\Embedded\Projects\OpenSource\Backup_controller_v2.0\Software\Azure_RTOS_Example2\Out\Obj\Azure_RTOS_Example1\NetXDuo\common\src\nx_ip_dispatch_process.o
#        d:\Embedded\Projects\OpenSource\Backup_controller_v2.0\Software\Azure_RTOS_Example2\Out\Obj\Azure_RTOS_Example1\NetXDuo\common\src\nx_ip_driver_deferred_enable.o
#        d:\Embedded\Projects\OpenSource\Backup_controller_v2.0\Software\Azure_RTOS_Example2\Out\Obj\Azure_RTOS_Example1\NetXDuo\common\src\nx_ip_driver_deferred_processing.o
#        d:\Embedded\Projects\OpenSource\Backup_controller_v2.0\Software\Azure_RTOS_Example2\Out\Obj\Azure_RTOS_Example1\NetXDuo\common\src\nx_ip_driver_deferred_receive.o
#        d:\Embedded\Projects\OpenSource\Backup_controller_v2.0\Software\Azure_RTOS_Example2\Out\Obj\Azure_RTOS_Example1\NetXDuo\common\src\nx_ip_driver_direct_command.o
#        d:\Embedded\Projects\OpenSource\Backup_controller_v2.0\Software\Azure_RTOS_Example2\Out\Obj\Azure_RTOS_Example1\NetXDuo\common\src\nx_ip_driver_interface_direct_command.o
#        d:\Embedded\Projects\OpenSource\Backup_controller_v2.0\Software\Azure_RTOS_Example2\Out\Obj\Azure_RTOS_Example1\NetXDuo\common\src\nx_ip_driver_link_status_event.o
#        d:\Embedded\Projects\OpenSource\Backup_controller_v2.0\Software\Azure_RTOS_Example2\Out\Obj\Azure_RTOS_Example1\NetXDuo\common\src\nx_ip_driver_packet_send.o
#        d:\Embedded\Projects\OpenSource\Backup_controller_v2.0\Software\Azure_RTOS_Example2\Out\Obj\Azure_RTOS_Example1\NetXDuo\common\src\nx_ip_fast_periodic_timer_entry.o
#        d:\Embedded\Projects\OpenSource\Backup_controller_v2.0\Software\Azure_RTOS_Example2\Out\Obj\Azure_RTOS_Example1\NetXDuo\common\src\nx_ip_forward_packet_process.o
#        d:\Embedded\Projects\OpenSource\Backup_controller_v2.0\Software\Azure_RTOS_Example2\Out\Obj\Azure_RTOS_Example1\NetXDuo\common\src\nx_ip_forwarding_disable.o
#        d:\Embedded\Projects\OpenSource\Backup_controller_v2.0\Software\Azure_RTOS_Example2\Out\Obj\Azure_RTOS_Example1\NetXDuo\common\src\nx_ip_forwarding_enable.o
#        d:\Embedded\Projects\OpenSource\Backup_controller_v2.0\Software\Azure_RTOS_Example2\Out\Obj\Azure_RTOS_Example1\NetXDuo\common\src\nx_ip_fragment_assembly.o
#        d:\Embedded\Projects\OpenSource\Backup_controller_v2.0\Software\Azure_RTOS_Example2\Out\Obj\Azure_RTOS_Example1\NetXDuo\common\src\nx_ip_fragment_disable.o
#        d:\Embedded\Projects\OpenSource\Backup_controller_v2.0\Software\Azure_RTOS_Example2\Out\Obj\Azure_RTOS_Example1\NetXDuo\common\src\nx_ip_fragment_enable.o
#        d:\Embedded\Projects\OpenSource\Backup_controller_v2.0\Software\Azure_RTOS_Example2\Out\Obj\Azure_RTOS_Example1\NetXDuo\common\src\nx_ip_fragment_forward_packet.o
#        d:\Embedded\Projects\OpenSource\Backup_controller_v2.0\Software\Azure_RTOS_Example2\Out\Obj\Azure_RTOS_Example1\NetXDuo\common\src\nx_ip_fragment_packet.o
#        d:\Embedded\Projects\OpenSource\Backup_controller_v2.0\Software\Azure_RTOS_Example2\Out\Obj\Azure_RTOS_Example1\NetXDuo\common\src\nx_ip_fragment_timeout_check.o
#        d:\Embedded\Projects\OpenSource\Backup_controller_v2.0\Software\Azure_RTOS_Example2\Out\Obj\Azure_RTOS_Example1\NetXDuo\common\src\nx_ip_gateway_address_clear.o
#        d:\Embedded\Projects\OpenSource\Backup_controller_v2.0\Software\Azure_RTOS_Example2\Out\Obj\Azure_RTOS_Example1\NetXDuo\common\src\nx_ip_gateway_address_get.o
#        d:\Embedded\Projects\OpenSource\Backup_controller_v2.0\Software\Azure_RTOS_Example2\Out\Obj\Azure_RTOS_Example1\NetXDuo\common\src\nx_ip_gateway_address_set.o
#        d:\Embedded\Projects\OpenSource\Backup_controller_v2.0\Software\Azure_RTOS_Example2\Out\Obj\Azure_RTOS_Example1\NetXDuo\common\src\nx_ip_header_add.o
#        d:\Embedded\Projects\OpenSource\Backup_controller_v2.0\Software\Azure_RTOS_Example2\Out\Obj\Azure_RTOS_Example1\NetXDuo\common\src\nx_ip_info_get.o
#        d:\Embedded\Projects\OpenSource\Backup_controller_v2.0\Software\Azure_RTOS_Example2\Out\Obj\Azure_RTOS_Example1\NetXDuo\common\src\nx_ip_initialize.o
#        d:\Embedded\Projects\OpenSource\Backup_controller_v2.0\Software\Azure_RTOS_Example2\Out\Obj\Azure_RTOS_Example1\NetXDuo\common\src\nx_ip_interface_address_get.o
#        d:\Embedded\Projects\OpenSource\Backup_controller_v2.0\Software\Azure_RTOS_Example2\Out\Obj\Azure_RTOS_Example1\NetXDuo\common\src\nx_ip_interface_address_mapping_configure.o
#        d:\Embedded\Projects\OpenSource\Backup_controller_v2.0\Software\Azure_RTOS_Example2\Out\Obj\Azure_RTOS_Example1\NetXDuo\common\src\nx_ip_interface_address_set.o
#        d:\Embedded\Projects\OpenSource\Backup_controller_v2.0\Software\Azure_RTOS_Example2\Out\Obj\Azure_RTOS_Example1\NetXDuo\common\src\nx_ip_interface_attach.o
#        d:\Embedded\Projects\OpenSource\Backup_controller_v2.0\Software\Azure_RTOS_Example2\Out\Obj\Azure_RTOS_Example1\NetXDuo\common\src\nx_ip_interface_capability_get.o
#        d:\Embedded\Projects\OpenSource\Backup_controller_v2.0\Software\Azure_RTOS_Example2\Out\Obj\Azure_RTOS_Example1\NetXDuo\common\src\nx_ip_interface_capability_set.o
#        d:\Embedded\Projects\OpenSource\Backup_controller_v2.0\Software\Azure_RTOS_Example2\Out\Obj\Azure_RTOS_Example1\NetXDuo\common\src\nx_ip_interface_detach.o
#        d:\Embedded\Projects\OpenSource\Backup_controller_v2.0\Software\Azure_RTOS_Example2\Out\Obj\Azure_RTOS_Example1\NetXDuo\common\src\nx_ip_interface_info_get.o
#        d:\Embedded\Projects\OpenSource\Backup_controller_v2.0\Software\Azure_RTOS_Example2\Out\Obj\Azure_RTOS_Example1\NetXDuo\common\src\nx_ip_interface_mtu_set.o
#        d:\Embedded\Projects\OpenSource\Backup_controller_v2.0\Software\Azure_RTOS_Example2\Out\Obj\Azure_RTOS_Example1\NetXDuo\common\src\nx_ip_interface_physical_address_get.o
#        d:\Embedded\Projects\OpenSource\Backup_controller_v2.0\Software\Azure_RTOS_Example2\Out\Obj\Azure_RTOS_Example1\NetXDuo\common\src\nx_ip_interface_physical_address_set.o
#        d:\Embedded\Projects\OpenSource\Backup_controller_v2.0\Software\Azure_RTOS_Example2\Out\Obj\Azure_RTOS_Example1\NetXDuo\common\src\nx_ip_interface_status_check.o
#        d:\Embedded\Projects\OpenSource\Backup_controller_v2.0\Software\Azure_RTOS_Example2\Out\Obj\Azure_RTOS_Example1\NetXDuo\common\src\nx_ip_link_status_change_notify_set.o
#        d:\Embedded\Projects\OpenSource\Backup_controller_v2.0\Software\Azure_RTOS_Example2\Out\Obj\Azure_RTOS_Example1\NetXDuo\common\src\nx_ip_max_payload_size_find.o
#        d:\Embedded\Projects\OpenSource\Backup_controller_v2.0\Software\Azure_RTOS_Example2\Out\Obj\Azure_RTOS_Example1\NetXDuo\common\src\nx_ip_packet_checksum_compute.o
#        d:\Embedded\Projects\OpenSource\Backup_controller_v2.0\Software\Azure_RTOS_Example2\Out\Obj\Azure_RTOS_Example1\NetXDuo\common\src\nx_ip_packet_deferred_receive.o
#        d:\Embedded\Projects\OpenSource\Backup_controller_v2.0\Software\Azure_RTOS_Example2\Out\Obj\Azure_RTOS_Example1\NetXDuo\common\src\nx_ip_packet_receive.o
#        d:\Embedded\Projects\OpenSource\Backup_controller_v2.0\Software\Azure_RTOS_Example2\Out\Obj\Azure_RTOS_Example1\NetXDuo\common\src\nx_ip_packet_send.o
#        d:\Embedded\Projects\OpenSource\Backup_controller_v2.0\Software\Azure_RTOS_Example2\Out\Obj\Azure_RTOS_Example1\NetXDuo\common\src\nx_ip_periodic_timer_entry.o
#        d:\Embedded\Projects\OpenSource\Backup_controller_v2.0\Software\Azure_RTOS_Example2\Out\Obj\Azure_RTOS_Example1\NetXDuo\common\src\nx_ip_raw_packet_cleanup.o
#        d:\Embedded\Projects\OpenSource\Backup_controller_v2.0\Software\Azure_RTOS_Example2\Out\Obj\Azure_RTOS_Example1\NetXDuo\common\src\nx_ip_raw_packet_disable.o
#        d:\Embedded\Projects\OpenSource\Backup_controller_v2.0\Software\Azure_RTOS_Example2\Out\Obj\Azure_RTOS_Example1\NetXDuo\common\src\nx_ip_raw_packet_enable.o
#        d:\Embedded\Projects\OpenSource\Backup_controller_v2.0\Software\Azure_RTOS_Example2\Out\Obj\Azure_RTOS_Example1\NetXDuo\common\src\nx_ip_raw_packet_filter_set.o
#        d:\Embedded\Projects\OpenSource\Backup_controller_v2.0\Software\Azure_RTOS_Example2\Out\Obj\Azure_RTOS_Example1\NetXDuo\common\src\nx_ip_raw_packet_processing.o
#        d:\Embedded\Projects\OpenSource\Backup_controller_v2.0\Software\Azure_RTOS_Example2\Out\Obj\Azure_RTOS_Example1\NetXDuo\common\src\nx_ip_raw_packet_receive.o
#        d:\Embedded\Projects\OpenSource\Backup_controller_v2.0\Software\Azure_RTOS_Example2\Out\Obj\Azure_RTOS_Example1\NetXDuo\common\src\nx_ip_raw_packet_send.o
#        d:\Embedded\Projects\OpenSource\Backup_controller_v2.0\Software\Azure_RTOS_Example2\Out\Obj\Azure_RTOS_Example1\NetXDuo\common\src\nx_ip_raw_packet_source_send.o
#        d:\Embedded\Projects\OpenSource\Backup_controller_v2.0\Software\Azure_RTOS_Example2\Out\Obj\Azure_RTOS_Example1\NetXDuo\common\src\nx_ip_raw_receive_queue_max_set.o
#        d:\Embedded\Projects\OpenSource\Backup_controller_v2.0\Software\Azure_RTOS_Example2\Out\Obj\Azure_RTOS_Example1\NetXDuo\common\src\nx_ip_route_find.o
#        d:\Embedded\Projects\OpenSource\Backup_controller_v2.0\Software\Azure_RTOS_Example2\Out\Obj\Azure_RTOS_Example1\NetXDuo\common\src\nx_ip_static_route_add.o
#        d:\Embedded\Projects\OpenSource\Backup_controller_v2.0\Software\Azure_RTOS_Example2\Out\Obj\Azure_RTOS_Example1\NetXDuo\common\src\nx_ip_static_route_delete.o
#        d:\Embedded\Projects\OpenSource\Backup_controller_v2.0\Software\Azure_RTOS_Example2\Out\Obj\Azure_RTOS_Example1\NetXDuo\common\src\nx_ip_status_check.o
#        d:\Embedded\Projects\OpenSource\Backup_controller_v2.0\Software\Azure_RTOS_Example2\Out\Obj\Azure_RTOS_Example1\NetXDuo\common\src\nx_ip_thread_entry.o
#        d:\Embedded\Projects\OpenSource\Backup_controller_v2.0\Software\Azure_RTOS_Example2\Out\Obj\Azure_RTOS_Example1\NetXDuo\common\src\nx_ipv4_multicast_interface_join.o
#        d:\Embedded\Projects\OpenSource\Backup_controller_v2.0\Software\Azure_RTOS_Example2\Out\Obj\Azure_RTOS_Example1\NetXDuo\common\src\nx_ipv4_multicast_interface_leave.o
#        d:\Embedded\Projects\OpenSource\Backup_controller_v2.0\Software\Azure_RTOS_Example2\Out\Obj\Azure_RTOS_Example1\NetXDuo\common\src\nx_ipv4_option_process.o
#        d:\Embedded\Projects\OpenSource\Backup_controller_v2.0\Software\Azure_RTOS_Example2\Out\Obj\Azure_RTOS_Example1\NetXDuo\common\src\nx_ipv4_packet_receive.o
#        d:\Embedded\Projects\OpenSource\Backup_controller_v2.0\Software\Azure_RTOS_Example2\Out\Obj\Azure_RTOS_Example1\NetXDuo\common\src\nx_ipv6_fragment_process.o
#        d:\Embedded\Projects\OpenSource\Backup_controller_v2.0\Software\Azure_RTOS_Example2\Out\Obj\Azure_RTOS_Example1\NetXDuo\common\src\nx_ipv6_header_add.o
#        d:\Embedded\Projects\OpenSource\Backup_controller_v2.0\Software\Azure_RTOS_Example2\Out\Obj\Azure_RTOS_Example1\NetXDuo\common\src\nx_ipv6_multicast_join.o
#        d:\Embedded\Projects\OpenSource\Backup_controller_v2.0\Software\Azure_RTOS_Example2\Out\Obj\Azure_RTOS_Example1\NetXDuo\common\src\nx_ipv6_multicast_leave.o
#        d:\Embedded\Projects\OpenSource\Backup_controller_v2.0\Software\Azure_RTOS_Example2\Out\Obj\Azure_RTOS_Example1\NetXDuo\common\src\nx_ipv6_option_error.o
#        d:\Embedded\Projects\OpenSource\Backup_controller_v2.0\Software\Azure_RTOS_Example2\Out\Obj\Azure_RTOS_Example1\NetXDuo\common\src\nx_ipv6_packet_copy.o
#        d:\Embedded\Projects\OpenSource\Backup_controller_v2.0\Software\Azure_RTOS_Example2\Out\Obj\Azure_RTOS_Example1\NetXDuo\common\src\nx_ipv6_packet_receive.o
#        d:\Embedded\Projects\OpenSource\Backup_controller_v2.0\Software\Azure_RTOS_Example2\Out\Obj\Azure_RTOS_Example1\NetXDuo\common\src\nx_ipv6_packet_send.o
#        d:\Embedded\Projects\OpenSource\Backup_controller_v2.0\Software\Azure_RTOS_Example2\Out\Obj\Azure_RTOS_Example1\NetXDuo\common\src\nx_ipv6_prefix_list_add_entry.o
[...]
digits                   0x802'd1b4      0x28  Data  Lc  iar_Stoulx.o [44]
digits                   0x802'd204      0x28  Data  Lc  iar_Stoullx.o [44]
dwvar                    0x802'b388     0x100  Data  Gb  BKMAN2_1_Params.o [5]
exit                     0x802'e30b       0x4  Code  Gb  exit.o [44]
f_unsent_record         0x2403'f7cd       0x1  Data  Gb  FreeMaster_thread.o [1]
fm_pipe                 0x2403'f658       0x4  Data  Gb  FreeMaster_thread.o [1]
fmstr_appCmd            0x2403'f7c7       0x1  Data  Lc  freemaster_appcmd.o [3]
fmstr_appCmdBuff        0x2403'f538      0x20  Data  Lc  freemaster_appcmd.o [3]
fmstr_appCmdCallFunc    0x2403'f5d0      0x10  Data  Lc  freemaster_appcmd.o [3]
fmstr_appCmdCallId      0x2403'f63c       0x4  Data  Lc  freemaster_appcmd.o [3]
fmstr_appCmdLen         0x2403'f638       0x4  Data  Lc  freemaster_appcmd.o [3]
fmstr_appCmdResult      0x2403'f7c8       0x1  Data  Lc  freemaster_appcmd.o [3]
fmstr_appCmdResultDataLen
                        0x2403'f7c9       0x1  Data  Lc  freemaster_appcmd.o [3]
fmstr_nRxCrc8           0x2403'f7cc       0x1  Data  Lc  freemaster_serial.o [3]
fmstr_nRxTodo           0x2403'f7cb       0x1  Data  Lc  freemaster_serial.o [3]
fmstr_nTxTodo           0x2403'f7ca       0x1  Data  Lc  freemaster_serial.o [3]
fmstr_pCommBuffer       0x2403'e490      0xf8  Data  Lc  freemaster_serial.o [3]
fmstr_pOwnRecBuffer     0x2403'6ff8    0x1000  Data  Lc  freemaster_rec.o [3]
fmstr_pRxBuff           0x2403'f648       0x4  Data  Lc  freemaster_serial.o [3]
fmstr_pTxBuff           0x2403'f644       0x4  Data  Lc  freemaster_serial.o [3]
fmstr_recBuffs          0x2403'f5e0      0x10  Data  Gb  freemaster_rec.o [3]
fmstr_scopeCfg          0x2403'f460      0x2c  Data  Lc  freemaster_scope.o [3]
fmstr_tsaBuffAddr       0x2403'f670       0x4  Data  Lc  freemaster_tsa.o [3]
fmstr_tsaBuffSize       0x2403'f66c       0x4  Data  Lc  freemaster_tsa.o [3]
fmstr_tsaTableIndex     0x2403'f674       0x4  Data  Lc  freemaster_tsa.o [3]
free                     0x800'b809       0x4  Code  Gb  heaptramp0.o [44]
frexp                    0x801'5749            Code  Gb  frexp.o [45]
frexpl                   0x801'5749            Code  Gb  frexp.o [45]
frm_drv                 0x2403'f64c       0x4  Data  Gb  FreeMaster_thread.o [1]
g_app_pool              0x2403'f3f8      0x34  Data  Gb  Mem_man.o [1]
g_app_pool_memory       0x2403'f680       0x4  Data  Gb  Mem_man.o [1]
g_app_pool_size         0x2403'f684       0x4  Data  Gb  Mem_man.o [1]
g_cpu_usage             0x2403'f678       0x4  Data  Gb  IDLE_task.o [1]
g_cpu_usage_fp          0x2403'f67c       0x4  Data  Gb  IDLE_task.o [1]
g_fcbls                 0x2403'dbd0     0x1a4  Data  Gb  STfs_int.o [6]
g_stfs_file_name        0x2403'f558      0x20  Data  Lc  STfs_int.o [6]
g_write_fcbl            0x2403'f190      0x54  Data  Gb  STfs_api.o [6]
hadc1                   0x2403'f00c      0x64  Data  Gb  adc.o [2]
hadc2                   0x2403'f070      0x64  Data  Gb  adc.o [2]
hadc3                   0x2403'f0d4      0x64  Data  Gb  adc.o [2]
hfdcan1                 0x2403'ead8      0xa0  Data  Gb  fdcan.o [2]
hi2c1                   0x2403'f1e4      0x4c  Data  Gb  i2c.o [2]
hpcd_USB_OTG_FS         0x2403'ba10     0x408  Data  Gb  USB_periph_init.o [7]
hrtc                    0x2403'f4b0      0x24  Data  Gb  rtc.o [2]
hsd_sdmmc               0x2403'ef24      0x7c  Data  Gb  USB_MSC_driver.o [7]
hspi1                   0x2403'ec08      0x88  Data  Gb  spi.o [2]
hspi2                   0x2403'ec90      0x88  Data  Gb  spi.o [2]
hspi4                   0x2403'ed18      0x88  Data  Gb  spi.o [2]
htim1                   0x2403'f27c      0x4c  Data  Gb  tim.o [2]
htim2                   0x2403'f2c8      0x4c  Data  Gb  tim.o [2]
htim3                   0x2403'f230      0x4c  Data  Gb  stm32h7xx_hal_timebase_tim.o [33]
huart8                  0x2403'eb78      0x90  Data  Gb  usart.o [2]
idle_thread             0x2403'e7e8      0xbc  Data  Gb  IDLE_task.o [1]
init_mparams             0x800'a349      0x38  Code  Lc  dlmalloc.o [44]
init_top                 0x800'a381      0x36  Code  Lc  dlmalloc.o [44]
isalpha                  0x801'76cf      0x14  Code  Gb  isalpha.o [44]
isgraph                  0x801'7351      0x30  Code  Gb  isgraph.o [44]
ispunct                  0x801'84c1      0x14  Code  Gb  ispunct.o [44]
isspace                  0x801'733d      0x14  Code  Gb  isspace.o [44]
ldexp                    0x801'584d            Code  Gb  ldexp.o [45]
ldexpl                   0x801'584d            Code  Gb  ldexp.o [45]
localeconv               0x801'5a1b       0x4  Code  Gb  xlocale_c.o [44]
log_cbl                 0x2403'f5f0      0x10  Data  Lc  logger.o [1]
log_mutex               0x2403'f3c4      0x34  Data  Lc  logger.o [1]
log_str                 0x2403'f660       0x4  Data  Gb  FreeMaster_thread.o [1]
main                     0x800'310d      0x7e  Code  Gb  Main.o [1]
main_thread             0x2403'e8a4      0xbc  Data  Gb  Main.o [1]
memchr                   0x801'56f1            Code  Gb  memchr.o [46]
memcmp                   0x801'0835            Code  Gb  memcmp.o [46]
memset                   0x800'3385      0x14  Code  Gb  memset.o [46]
mon_rndis_telnet_drv_driver
                        0x2400'00e0      0x20  Data  Gb  Net_Telnet.o [4]
mon_usbfs_vcom0_drv_driver
                        0x2400'018c      0x20  Data  Gb  USB_CDC_driver.o [7]
mparams                 0x2403'dbb8      0x18  Data  Lc  dlmalloc.o [44]
mtx                     0x2403'f600      0x10  Data  Lc  xsyslock_mtx.o [48]
ndigs                    0x802'd18c      0x28  Data  Lc  iar_Stoulx.o [44]
ndigs                    0x802'd1dc      0x28  Data  Lc  iar_Stoullx.o [44]
net_packet_pool         0x2403'f354      0x3c  Data  Gb  Net_common.o [4]
net_packet_pool_buffer  0x2400'0414  0x1'f7a0  Data  Gb  Net_common.o [4]
nv_store_ok             0x2403'f7d1       0x1  Data  Gb  NV_store.o [5]
out_buff                0x2403'f314      0x40  Data  Lc  freemaster_serial.o [3]
pDevFrameWorkDesc_FS    0x2400'01c0       0x4  Data  Lc  USB_descriptors_builder.o [7]
pDevFrameWorkDesc_HS    0x2400'01c4       0x4  Data  Lc  USB_descriptors_builder.o [7]
pFlash                  0x2403'f598      0x1c  Data  Gb  stm32h7xx_hal_flash.o [34]
p_freemaster_stack      0x2403'f664       0x4  Data  Lc  FreeMaster_thread.o [1]
p_freemaster_thread     0x2403'f668       0x4  Data  Lc  FreeMaster_thread.o [1]
p_log_rec               0x2403'f65c       0x4  Data  Gb  FreeMaster_thread.o [1]
p_test_cbl              0x2403'f6cc       0x4  Data  Gb  STfs_tests.o [6]
p_vt100_stacks          0x2403'f628       0x8  Data  Lc  MonitorVT100.o [8]
p_vt100_task_cbls       0x2403'f630       0x8  Data  Gb  MonitorVT100.o [8]
params_tables_info      0x2400'00a8       0xc  Data  Gb  BKMAN2_1_Params_dyn_tables.o [5]
parmenu                  0x802'da6c      0x30  Data  Gb  BKMAN2_1_Params.o [5]
pcm_pipes               0x2403'df14     0x144  Data  Lc  freemaster_pipes.o [3]
pipeRxBuff              0x2403'f650       0x4  Data  Gb  FreeMaster_thread.o [1]
pipeRxSize              0x2403'f7bc       0x2  Data  Gb  FreeMaster_thread.o [1]
pipeTxBuff              0x2403'f654       0x4  Data  Gb  FreeMaster_thread.o [1]
pipeTxSize              0x2403'f7be       0x2  Data  Gb  FreeMaster_thread.o [1]
pows                     0x802'd5a8      0x48  Data  Lc  strto64.o [45]
rand                     0x800'f3dd      0x90  Code  Gb  rand.o [44]
ranmatch                 0x801'8263      0x4c  Code  Lc  xscanffull_nomb.o [44]
ref_time                0x2403'f620       0x8  Data  Gb  IDLE_task.o [1]
request_save_to_NV_mem  0x2403'f7d2       0x1  Data  Gb  Params_editor.o [8]
rndis_dhcp_server       0x2403'4fb4    0x2044  Data  Lc  USB_RNDIS_driver.o [7]
rndis_dhcp_server_active
                        0x2403'f7d6       0x1  Data  Lc  USB_RNDIS_driver.o [7]
rndis_dhcp_server_stack_memory
                        0x2403'ce18     0x400  Data  Gb  USB_RNDIS_driver.o [7]
rndis_interface_active  0x2403'f7d4       0x1  Data  Lc  USB_RNDIS_driver.o [7]
rndis_ip                0x2403'7ff8     0xff4  Data  Gb  USB_RNDIS_driver.o [7]
rndis_ip_arp_cache_memory
                        0x2403'd5d8     0x208  Data  Gb  USB_RNDIS_driver.o [7]
rndis_ip_stack_memory   0x2403'ca18     0x400  Data  Gb  USB_RNDIS_driver.o [7]
rndis_net_props         0x2403'f5b4      0x1c  Data  Lc  USB_RNDIS_driver.o [7]
rndis_network_active    0x2403'f7d5       0x1  Data  Lc  USB_RNDIS_driver.o [7]
rndis_parameter         0x2403'efa0      0x6c  Data  Lc  USB_RNDIS_driver.o [7]
rndis_telnet_cbl        0x2403'b558     0x4b8  Data  Gb  Net_Telnet.o [4]
rndis_telnet_server     0x2403'ae80     0x6d8  Data  Gb  USB_RNDIS_driver.o [7]
rndis_telnet_server_stack_memory
                        0x2403'a680     0x800  Data  Gb  Net_Telnet.o [4]
rndis_telnet_vt100_alloc_indx
                        0x2400'0100       0x4  Data  Gb  Net_Telnet.o [4]
scalbln                  0x801'584d            Code  Gb  ldexp.o [45]
scalblnl                 0x801'584d            Code  Gb  ldexp.o [45]
scalbn                   0x801'584d            Code  Gb  ldexp.o [45]
scalbnl                  0x801'584d            Code  Gb  ldexp.o [45]
scale                    0x801'55a9      0x46  Code  Lc  xprintffull_nomb.o [44]
sd_is_detected          0x2400'0411       0x1  Data  Lc  USB_MSC_driver.o [7]
sec_hand                0x2403'f7b4       0x4  Data  Lc  xfail_s.o [44]
sectors_erase_counters  0x2403'f4f8      0x20  Data  Lc  Flash_media_driver.o [6]
segment_holding          0x800'a32d      0x1c  Code  Lc  dlmalloc.o [44]
sffs_test_delete        0x2403'f7d0       0x1  Data  Lc  IDLE_task.o [1]
sffs_test_request       0x2403'f7cf       0x1  Data  Lc  IDLE_task.o [1]
snprintf                 0x801'7275      0x44  Code  Gb  snprintf.o [44]
sprintf                  0x801'7235      0x40  Code  Gb  sprintf.o [44]
srand                    0x800'f46d       0xe  Code  Gb  rand.o [44]
sscanf                   0x801'7315      0x28  Code  Gb  sscanf.o [44]
stfs_driver_initialised
                        0x2403'f7c6       0x1  Data  Lc  Flash_media_driver.o [6]
stfs_drv_stat           0x2403'f518      0x20  Data  Gb  Flash_media_driver.o [6]
stfs_flag_grp           0x2403'f48c      0x24  Data  Lc  Flash_media_driver.o [6]
stfs_mutex              0x2403'f390      0x34  Data  Lc  Flash_media_driver.o [6]
stfs_test_thread        0x2403'e960      0xbc  Data  Gb  STfs_test_task.o [6]
storage_parameter       0x2403'f138      0x58  Data  Gb  USB_MSC_driver.o [7]
strcat                   0x801'faed      0x1e  Code  Gb  strcat.o [44]
strchr                   0x801'5699            Code  Gb  strchr.o [46]
strcmp                   0x801'3ec5            Code  Gb  strcmp.o [46]
strcpy                   0x801'3f11            Code  Gb  strcpy.o [46]
strlen                   0x801'3ed9            Code  Gb  strlen.o [46]
strncpy                  0x801'46b9            Code  Gb  strncpy.o [46]
strtod                   0x801'76c9       0x6  Code  Gb  strto64.o [45]
strtol                   0x801'740d       0x4  Code  Gb  iar_Stolx.o [44]
strtold                  0x801'76c9       0x6  Code  Gb  strto64.o [45]
strtoll                  0x801'8d89       0x2  Code  Gb  iar_Stollx.o [44]
strtoull                 0x801'8ce1       0x2  Code  Gb  iar_Stoullx.o [44]
task_freemaster_created
                        0x2403'f7ce       0x1  Data  Lc  FreeMaster_thread.o [1]
tbl_client_ap_list      0x2400'0000      0xa8  Data  Gb  BKMAN2_1_Params_dyn_tables.o [5]
telnet_connected        0x2403'f688       0x4  Data  Lc  Net_Telnet.o [4]
thread_idle_stack       0x2403'd7e0     0x200  Data  Gb  IDLE_task.o [1]
thread_main_stack       0x2403'be18     0x400  Data  Gb  Main.o [1]
thread_stfs_task_stack  0x2403'f6c8       0x4  Data  Gb  STfs_test_task.o [6]
time_delay               0x800'9da1      0x18  Code  Gb  Time_utils.o [1]
tolower                  0x801'8d8f      0x14  Code  Gb  tolower.o [44]
toupper                  0x801'76e3      0x14  Code  Gb  toupper.o [44]
tx_application_define    0x800'318b      0x36  Code  Gb  Main.o [1]
tx_thread_fpu_disable    0x800'7d23            Code  Gb  tx_thread_schedule.o [38]
tx_thread_fpu_enable     0x800'7d23            Code  Gb  tx_thread_schedule.o [38]
usb1_cdc_line_coding    0x2400'01ac       0x8  Data  Gb  USB_CDC_driver.o [7]
usb1_cdc_line_state     0x2403'f7c2       0x2  Data  Gb  USB_CDC_driver.o [7]
usb_msc_flag_grp        0x2403'f4d4      0x24  Data  Gb  USB_device_init.o [7]
usb_network_devices     0x2403'd218     0x3c0  Data  Lc  ux_network_driver.o [42]
usb_network_driver_initialized
                        0x2403'f7ac       0x4  Data  Lc  ux_network_driver.o [42]
usbd1_cbl               0x2403'8fec     0xb48  Data  Gb  USB_CDC_driver.o [7]
usbd2_cbl               0x2403'9b34     0xb48  Data  Gb  USB_CDC_driver.o [7]
uwTick                  0x2403'f6d0       0x4  Data  Gb  stm32h7xx_hal.o [34]
uwTickFreq              0x2400'0410       0x1  Data  Gb  stm32h7xx_hal.o [34]
uwTickPrio              0x2400'017c       0x4  Data  Gb  stm32h7xx_hal.o [34]
ux_cdc_device0_instance_activate
                         0x802'59c1      0x18  Code  Gb  USB_CDC_driver.o [7]
ux_cdc_device0_instance_deactivate
                         0x802'59d9      0x12  Code  Gb  USB_CDC_driver.o [7]
ux_cdc_device0_parameter_change
                         0x802'59eb      0x82  Code  Gb  USB_CDC_driver.o [7]
ux_device_class_rndis_oid_supported_list
                        0x2400'01c8      0x7c  Data  Gb  ux_device_class_rndis_initialize.o [41]
vsnprintf                0x801'4729      0x3c  Code  Gb  vsnprint.o [44]
vt100_allocations       0x2403'f7c0       0x2  Data  Lc  MonitorVT100.o [8]
wvar                    0x2403'eda0      0x84  Data  Gb  Main.o [1]


[1] = d:\Embedded\Projects\OpenSource\Backup_controller_v2.0\Software\Azure_RTOS_Example2\Out\Obj\Azure_RTOS_Example1\App
[2] = d:\Embedded\Projects\OpenSource\Backup_controller_v2.0\Software\Azure_RTOS_Example2\Out\Obj\Azure_RTOS_Example1\App\Core
[3] = d:\Embedded\Projects\OpenSource\Backup_controller_v2.0\Software\Azure_RTOS_Example2\Out\Obj\Azure_RTOS_Example1\App\FreeMaster
[4] = d:\Embedded\Projects\OpenSource\Backup_controller_v2.0\Software\Azure_RTOS_Example2\Out\Obj\Azure_RTOS_Example1\App\Network
[5] = d:\Embedded\Projects\OpenSource\Backup_controller_v2.0\Software\Azure_RTOS_Example2\Out\Obj\Azure_RTOS_Example1\App\Parameters
[6] = d:\Embedded\Projects\OpenSource\Backup_controller_v2.0\Software\Azure_RTOS_Example2\Out\Obj\Azure_RTOS_Example1\App\STfs
[7] = d:\Embedded\Projects\OpenSource\Backup_controller_v2.0\Software\Azure_RTOS_Example2\Out\Obj\Azure_RTOS_Example1\App\USB
[8] = d:\Embedded\Projects\OpenSource\Backup_controller_v2.0\Software\Azure_RTOS_Example2\Out\Obj\Azure_RTOS_Example1\App\VT100
[9] = d:\Embedded\Projects\OpenSource\Backup_controller_v2.0\Software\Azure_RTOS_Example2\Out\Obj\Azure_RTOS_Example1\FileX\src
[10] = d:\Embedded\Projects\OpenSource\Backup_controller_v2.0\Software\Azure_RTOS_Example2\Out\Obj\Azure_RTOS_Example1\NetXDuo\addons\auto_ip
[11] = d:\Embedded\Projects\OpenSource\Backup_controller_v2.0\Software\Azure_RTOS_Example2\Out\Obj\Azure_RTOS_Example1\NetXDuo\addons\cloud
[12] = d:\Embedded\Projects\OpenSource\Backup_controller_v2.0\Software\Azure_RTOS_Example2\Out\Obj\Azure_RTOS_Example1\NetXDuo\addons\dhcp
[13] = d:\Embedded\Projects\OpenSource\Backup_controller_v2.0\Software\Azure_RTOS_Example2\Out\Obj\Azure_RTOS_Example1\NetXDuo\addons\dns
[14] = d:\Embedded\Projects\OpenSource\Backup_controller_v2.0\Software\Azure_RTOS_Example2\Out\Obj\Azure_RTOS_Example1\NetXDuo\addons\ftp
[15] = d:\Embedded\Projects\OpenSource\Backup_controller_v2.0\Software\Azure_RTOS_Example2\Out\Obj\Azure_RTOS_Example1\NetXDuo\addons\http
[16] = d:\Embedded\Projects\OpenSource\Backup_controller_v2.0\Software\Azure_RTOS_Example2\Out\Obj\Azure_RTOS_Example1\NetXDuo\addons\lwm2m
[17] = d:\Embedded\Projects\OpenSource\Backup_controller_v2.0\Software\Azure_RTOS_Example2\Out\Obj\Azure_RTOS_Example1\NetXDuo\addons\mdns
[18] = d:\Embedded\Projects\OpenSource\Backup_controller_v2.0\Software\Azure_RTOS_Example2\Out\Obj\Azure_RTOS_Example1\NetXDuo\addons\mqtt
[19] = d:\Embedded\Projects\OpenSource\Backup_controller_v2.0\Software\Azure_RTOS_Example2\Out\Obj\Azure_RTOS_Example1\NetXDuo\addons\nat
[20] = d:\Embedded\Projects\OpenSource\Backup_controller_v2.0\Software\Azure_RTOS_Example2\Out\Obj\Azure_RTOS_Example1\NetXDuo\addons\pop3
[21] = d:\Embedded\Projects\OpenSource\Backup_controller_v2.0\Software\Azure_RTOS_Example2\Out\Obj\Azure_RTOS_Example1\NetXDuo\addons\ppp
[22] = d:\Embedded\Projects\OpenSource\Backup_controller_v2.0\Software\Azure_RTOS_Example2\Out\Obj\Azure_RTOS_Example1\NetXDuo\addons\pppoe
[23] = d:\Embedded\Projects\OpenSource\Backup_controller_v2.0\Software\Azure_RTOS_Example2\Out\Obj\Azure_RTOS_Example1\NetXDuo\addons\ptp
[24] = d:\Embedded\Projects\OpenSource\Backup_controller_v2.0\Software\Azure_RTOS_Example2\Out\Obj\Azure_RTOS_Example1\NetXDuo\addons\smtp
[25] = d:\Embedded\Projects\OpenSource\Backup_controller_v2.0\Software\Azure_RTOS_Example2\Out\Obj\Azure_RTOS_Example1\NetXDuo\addons\snmp
[26] = d:\Embedded\Projects\OpenSource\Backup_controller_v2.0\Software\Azure_RTOS_Example2\Out\Obj\Azure_RTOS_Example1\NetXDuo\addons\sntp
[27] = d:\Embedded\Projects\OpenSource\Backup_controller_v2.0\Software\Azure_RTOS_Example2\Out\Obj\Azure_RTOS_Example1\NetXDuo\addons\telnet
[28] = d:\Embedded\Projects\OpenSource\Backup_controller_v2.0\Software\Azure_RTOS_Example2\Out\Obj\Azure_RTOS_Example1\NetXDuo\addons\tftp
[29] = d:\Embedded\Projects\OpenSource\Backup_controller_v2.0\Software\Azure_RTOS_Example2\Out\Obj\Azure_RTOS_Example1\NetXDuo\addons\web
[30] = d:\Embedded\Projects\OpenSource\Backup_controller_v2.0\Software\Azure_RTOS_Example2\Out\Obj\Azure_RTOS_Example1\NetXDuo\common\src
[31] = d:\Embedded\Projects\OpenSource\Backup_controller_v2.0\Software\Azure_RTOS_Example2\Out\Obj\Azure_RTOS_Example1\NetXDuo\crypto_libraries\src
[32] = d:\Embedded\Projects\OpenSource\Backup_controller_v2.0\Software\Azure_RTOS_Example2\Out\Obj\Azure_RTOS_Example1\NetXDuo\nx_secure\src
[33] = d:\Embedded\Projects\OpenSource\Backup_controller_v2.0\Software\Azure_RTOS_Example2\Out\Obj\Azure_RTOS_Example1\STM32H7xx_HAL
[34] = d:\Embedded\Projects\OpenSource\Backup_controller_v2.0\Software\Azure_RTOS_Example2\Out\Obj\Azure_RTOS_Example1\STM32H7xx_HAL\Src
[35] = d:\Embedded\Projects\OpenSource\Backup_controller_v2.0\Software\Azure_RTOS_Example2\Out\Obj\Azure_RTOS_Example1\Startup
[36] = d:\Embedded\Projects\OpenSource\Backup_controller_v2.0\Software\Azure_RTOS_Example2\Out\Obj\Azure_RTOS_Example1\ThreadX
[37] = d:\Embedded\Projects\OpenSource\Backup_controller_v2.0\Software\Azure_RTOS_Example2\Out\Obj\Azure_RTOS_Example1\ThreadX\execution_profile_kit
[38] = d:\Embedded\Projects\OpenSource\Backup_controller_v2.0\Software\Azure_RTOS_Example2\Out\Obj\Azure_RTOS_Example1\ThreadX\port\src
[39] = d:\Embedded\Projects\OpenSource\Backup_controller_v2.0\Software\Azure_RTOS_Example2\Out\Obj\Azure_RTOS_Example1\ThreadX\src
[40] = d:\Embedded\Projects\OpenSource\Backup_controller_v2.0\Software\Azure_RTOS_Example2\Out\Obj\Azure_RTOS_Example1\UsbX\common\core\src
[41] = d:\Embedded\Projects\OpenSource\Backup_controller_v2.0\Software\Azure_RTOS_Example2\Out\Obj\Azure_RTOS_Example1\UsbX\common\usbx_device_classes\src
[42] = d:\Embedded\Projects\OpenSource\Backup_controller_v2.0\Software\Azure_RTOS_Example2\Out\Obj\Azure_RTOS_Example1\UsbX\common\usbx_network
[43] = d:\Embedded\Projects\OpenSource\Backup_controller_v2.0\Software\Azure_RTOS_Example2\Out\Obj\Azure_RTOS_Example1\UsbX\usbx_stm32_device_controllers
[44] = dl7M_tlf.a
[45] = m7M_tlv.a
[46] = rt7M_tl.a
[47] = shb_l.a
[48] = th7M_tlf.a

  183'853 bytes of readonly  code memory
    9'528 bytes of readonly  data memory
  261'605 bytes of readwrite data memory

Errors: none
Warnings: none
